                                                                                                    	at com.android.launcher3.QuickstepTransitionManager.createWallpaperOpenAnimations(go/retraceme ee19ec8c009da7af1d458e7d1683a6f5bf3b93b44f6674aa108e1a3e78584fe0:168)
                                                                                                    	at com.android.launcher3.QuickstepTransitionManager$WallpaperOpenLauncherAnimationRunner.onAnimationStart(go/retraceme ee19ec8c009da7af1d458e7d1683a6f5bf3b93b44f6674aa108e1a3e78584fe0:17)
2025-07-16 22:16:48.316  1286-1286  b/311077782             com...le.android.apps.nexuslauncher  D  LauncherAnimationRunner.setAnimation
2025-07-16 22:16:48.332   783-828   WindowManager           system_server                        V  Sent Transition (#173) createdAt=07-16 22:16:48.135 via request=TransitionRequestInfo { type = CLOSE, triggerTask = null, pipChange = null, remoteTransition = null, displayChange = null, flags = 0, debugId = 173 }
2025-07-16 22:16:48.332   783-828   WindowManager           system_server                        V      startWCT=WindowContainerTransaction { changes= {} hops= [] errorCallbackToken=null taskFragmentOrganizer=null }
2025-07-16 22:16:48.333   783-828   WindowManager           system_server                        V      info={id=173 t=CLOSE f=0x0 trk=0 r=[0@Point(0, 0)] c=[
                                                                                                            {WCT{RemoteToken{9326612 Task{497d648 #1 type=home}}} m=TO_FRONT f=SHOW_WALLPAPER|MOVE_TO_TOP leash=Surface(name=Task=1)/@0x1c8744a sb=Rect(0, 0 - 1080, 2400) eb=Rect(0, 0 - 1080, 2400) epz=Point(1080, 2400) d=0 taskParent=-1},
                                                                                                            {WCT{RemoteToken{b253d09 Task{ff0f312 #126 type=standard A=10237:com.zsolutions.peerlinkyz}}} m=TO_BACK f=NONE leash=Surface(name=Task=126)/@0x71492d3 sb=Rect(0, 0 - 1080, 2400) eb=Rect(0, 0 - 1080, 2400) epz=Point(1080, 2400) d=0 taskParent=-1},
                                                                                                            {m=TO_FRONT f=IS_WALLPAPER leash=Surface(name=WallpaperWindowToken{a00227d showWhenLocked=false})/@0xdac1a9d sb=Rect(0, 0 - 1080, 2400) eb=Rect(0, 0 - 1080, 2400) epz=Point(1080, 2400) d=0}
                                                                                                        ]}
2025-07-16 22:16:48.335  2326-2364  WindowManagerShell      com.android.systemui                 V   animated by com.android.wm.shell.transition.RemoteTransitionHandler@1a9ae1f
2025-07-16 22:16:48.343   783-975   ImeTracker              system_server                        I  com.google.android.apps.nexuslauncher:bffe04ff: onRequestHide at ORIGIN_SERVER reason HIDE_UNSPECIFIED_WINDOW fromUser false
2025-07-16 22:16:48.347   542-542   BpBinder                surfaceflinger                       I  onLastStrongRef automatically unlinking death recipients: 
2025-07-16 22:16:48.365  1537-1537  GoogleInpu...hodService com...gle.android.inputmethod.latin  I  GoogleInputMethodService.onFinishInput():2043 
2025-07-16 22:16:48.365  1286-1286  InsetsController        com...le.android.apps.nexuslauncher  D  hide(ime(), fromIme=false)
2025-07-16 22:16:48.365  1286-1286  ImeTracker              com...le.android.apps.nexuslauncher  I  com.google.android.apps.nexuslauncher:bffe04ff: onCancelled at PHASE_CLIENT_ALREADY_HIDDEN
2025-07-16 22:16:48.368   783-1192  ImeTracker              system_server                        I  system_server:10d3ee46: onRequestHide at ORIGIN_SERVER reason IME_REQUESTED_CHANGED_LISTENER fromUser false
2025-07-16 22:16:48.370  1537-1537  Module                  com...gle.android.inputmethod.latin  I  DeviceLockedStatusModuleProvider$Module.updateDeviceLockedStatus():100 repeatCheckTimes = 0, locked = false
2025-07-16 22:16:48.372  1537-1537  GoogleInpu...hodService com...gle.android.inputmethod.latin  I  GoogleInputMethodService.onStartInput():1293 onStartInput(EditorInfo{EditorInfo{packageName=com.google.android.apps.nexuslauncher, inputType=0, inputTypeString=NULL, enableLearning=false, autoCorrection=false, autoComplete=false, imeOptions=0, privateImeOptions=null, actionName=UNSPECIFIED, actionLabel=null, initialSelStart=-1, initialSelEnd=-1, initialCapsMode=0, label=null, fieldId=0, fieldName=null, extras=null, hintText=null, hintLocales=[]}}, false)
2025-07-16 22:16:48.374  1537-1537  Module                  com...gle.android.inputmethod.latin  I  DeviceLockedStatusModuleProvider$Module.updateDeviceLockedStatus():100 repeatCheckTimes = 1, locked = false
2025-07-16 22:16:48.375   783-2319  PackageConfigPersister  system_server                        W  App-specific configuration not found for packageName: com.google.android.apps.nexuslauncher and userId: 0
2025-07-16 22:16:48.377  1537-1537  ShortcutsDataManager    com...gle.android.inputmethod.latin  I  AbstractContentDataManager.startImportContentTask():243 startImportContentTask()
2025-07-16 22:16:48.379  1537-2139  ShortcutsDataManager    com...gle.android.inputmethod.latin  I  AbstractContentDataManager$ImportContentTask.doInBackground():258 doInBackground()
2025-07-16 22:16:48.379  1537-2139  PersonalDi...ataHandler com...gle.android.inputmethod.latin  I  PersonalDictionaryDataHandler.beginProcess():114 LanguageTags = [en-US]
2025-07-16 22:16:48.383  2326-2364  WindowManagerShell      com.android.systemui                 D  onKeepClearAreasChanged: restricted={}, unrestricted={}
2025-07-16 22:16:48.385   783-831   ImeTracker              system_server                        I  system_server:10d3ee46: onCancelled at PHASE_SERVER_SHOULD_HIDE
2025-07-16 22:16:48.417   783-2319  ActivityManager         system_server                        D  sync unfroze 1693 android.process.acore for 7
2025-07-16 22:16:48.420   783-832   ImeTracker              system_server                        I  system_server:7ab80366: onRequestShow at ORIGIN_SERVER reason CONTROLS_CHANGED fromUser false
2025-07-16 22:16:48.440  1537-2139  ShortcutsDataManager    com...gle.android.inputmethod.latin  I  AbstractContentDataManager.importRecords():349 importRecords() : Success : Count = 0
2025-07-16 22:16:48.458  1537-2139  ShortcutsDataManager    com...gle.android.inputmethod.latin  I  AbstractContentDataManager.importContentData():298 importContentData() : Ending import process
2025-07-16 22:16:48.460  1537-2135  Delight5Decoder         com...gle.android.inputmethod.latin  I  Delight5DecoderWrapper.unloadLanguageModel():957 unloadLanguageModel() : 4, version [n/a]
2025-07-16 22:16:48.463  1286-1350  HWUI                    com...le.android.apps.nexuslauncher  W  Image decoding logging dropped!
2025-07-16 22:16:48.470  1286-1286  ImeTracker              com...le.android.apps.nexuslauncher  I  system_server:7ab80366: onCancelled at PHASE_CLIENT_ON_CONTROLS_CHANGED
2025-07-16 22:16:48.486  1537-2139  PersonalLa...delUpdater com...gle.android.inputmethod.latin  I  PersonalLanguageModelUpdater$UpdateOperation.performInternal():165 run() : Added 0 words and 0 shortcuts
2025-07-16 22:16:48.486  1537-2139  DynamicLan...lOperation com...gle.android.inputmethod.latin  I  DynamicLanguageModelOperation.perform():43 perform() : 4 : dqh : Completed
2025-07-16 22:16:48.487  1537-2135  Delight5Decoder         com...gle.android.inputmethod.latin  I  Delight5DecoderWrapper.loadLanguageModel():740 loadLanguageModel() : 4, version [n/a]
2025-07-16 22:16:48.488  1537-2135  Delight5Decoder         com...gle.android.inputmethod.latin  I  Delight5DecoderWrapper.loadLanguageModel():785 Loaded dynamic LM 4.en
2025-07-16 22:16:48.489  1537-1537  ShortcutsDataManager    com...gle.android.inputmethod.latin  I  AbstractContentDataManager$ImportContentTask.onPostExecute():269 onPostExecute() : Result = [2,0]
2025-07-16 22:16:48.489  1537-1537  ShortcutsDataManager    com...gle.android.inputmethod.latin  I  ShortcutsDataManager.onImportFinished():82 onImportFinished() : Result = 2 : Count = 0
2025-07-16 22:16:48.769   783-1192  ImeTracker              system_server                        I  system_server:ccef1c3: onRequestHide at ORIGIN_SERVER reason IME_REQUESTED_CHANGED_LISTENER fromUser false
2025-07-16 22:16:48.769   783-831   ImeTracker              system_server                        I  system_server:ccef1c3: onCancelled at PHASE_SERVER_SHOULD_HIDE
2025-07-16 22:16:49.311  1286-1286  ScalingWor...RevealAnim com...le.android.apps.nexuslauncher  D  alpha of workspace at the end of animation: 1.0
2025-07-16 22:16:49.313  2326-2364  WindowManagerShell      com.android.systemui                 V  Transition animation finished (aborted=false), notifying core (#173) android.os.BinderProxy@41ae855@0
2025-07-16 22:16:49.315   783-828   WindowManager           system_server                        V  Finish Transition (#173): created at 07-16 22:16:48.135 collect-started=0.218ms request-sent=0.252ms started=10.118ms ready=137.16ms sent=157.92ms commit=18.983ms finished=1179.73ms
2025-07-16 22:16:49.319   783-1192  IPCThreadState          system_server                        E  Binder transaction failure. id: 1301970, BR_*: 29189, error: -22 (Invalid argument)
2025-07-16 22:16:49.320   783-1192  ActivityManager         system_server                        W  pid 783 system sent binder code 7 with flags 1 to frozen apps and got error -32
2025-07-16 22:16:49.320   783-1192  ActivityManager         system_server                        D  Too many transaction errors, throttling freezer binder callback.
2025-07-16 22:16:49.321   783-1192  WindowManager           system_server                        W  Exception thrown during dispatchAppVisibility Window{a357fdf u0 com.zsolutions.peerlinkyz/com.zsolutions.peerlinkyz.ChatActivity EXITING} (Ask Gemini)
                                                                                                    android.os.DeadObjectException
                                                                                                    	at android.os.BinderProxy.transactNative(Native Method)
                                                                                                    	at android.os.BinderProxy.transact(BinderProxy.java:592)
                                                                                                    	at android.view.IWindow$Stub$Proxy.dispatchAppVisibility(IWindow.java:557)
                                                                                                    	at com.android.server.wm.WindowState.sendAppVisibilityToClients(WindowState.java:3151)
                                                                                                    	at com.android.server.wm.WindowContainer.sendAppVisibilityToClients(WindowContainer.java:1311)
                                                                                                    	at com.android.server.wm.WindowToken.setClientVisible(WindowToken.java:389)
                                                                                                    	at com.android.server.wm.ActivityRecord.setClientVisible(ActivityRecord.java:6650)
                                                                                                    	at com.android.server.wm.ActivityRecord.commitVisibility(ActivityRecord.java:5561)
                                                                                                    	at com.android.server.wm.Transition.finishTransition(Transition.java:1391)
                                                                                                    	at com.android.server.wm.TransitionController.finishTransition(TransitionController.java:1029)
                                                                                                    	at com.android.server.wm.WindowOrganizerController.finishTransition(WindowOrganizerController.java:496)
                                                                                                    	at android.window.IWindowOrganizerController$Stub.onTransact(IWindowOrganizerController.java:261)
                                                                                                    	at com.android.server.wm.WindowOrganizerController.onTransact(WindowOrganizerController.java:223)
                                                                                                    	at android.os.Binder.execTransactInternal(Binder.java:1426)
                                                                                                    	at android.os.Binder.execTransact(Binder.java:1365)
2025-07-16 22:16:49.321   783-1192  Process                 system_server                        W  Unable to open /proc/11487/status
2025-07-16 22:16:49.330  2326-2364  WindowManagerShell      com.android.systemui                 V  Track 0 became idle
2025-07-16 22:16:49.330  2326-2364  WindowManagerShell      com.android.systemui                 V  All active transition animations finished
2025-07-16 22:16:49.333  1286-1286  RecentsView             com...le.android.apps.nexuslauncher  D  onTaskRemoved: 126, not handling task stack changes
2025-07-16 22:16:49.334  1286-1286  RecentsView             com...le.android.apps.nexuslauncher  D  onTaskRemoved: 126, not handling task stack changes
2025-07-16 22:16:49.362   542-542   BpTransact...edListener surfaceflinger                       E  Failed to transact (-32)
2025-07-16 22:16:49.669   783-808   system_server           system_server                        I  NativeAlloc concurrent mark compact GC freed 23MB AllocSpace bytes, 42(1032KB) LOS objects, 42% free, 33MB/57MB, paused 1.063ms,2.865ms total 266.794ms
2025-07-16 22:16:49.690   783-810   System                  system_server                        W  A resource failed to call HardwareBuffer.close. 
2025-07-16 22:16:49.690   783-810   System                  system_server                        W  A resource failed to call release. 
2025-07-16 22:16:49.691   783-810   System                  system_server                        W  A resource failed to call release. 
2025-07-16 22:16:49.691   783-810   System                  system_server                        W  A resource failed to call HardwareBuffer.close. 
2025-07-16 22:16:49.692   783-810   System                  system_server                        W  A resource failed to call release. 
2025-07-16 22:16:50.492   783-1016  InetDiagMessage         system_server                        D  Destroyed 0 sockets, proto=IPPROTO_TCP, family=AF_INET, states=14
2025-07-16 22:16:50.494   783-1016  InetDiagMessage         system_server                        D  Destroyed 0 sockets, proto=IPPROTO_TCP, family=AF_INET6, states=14
2025-07-16 22:16:50.494   783-1016  InetDiagMessage         system_server                        D  Destroyed live tcp sockets for uids={10210} in 4ms
2025-07-16 22:16:50.496   783-1016  InetDiagMessage         system_server                        D  Destroyed 0 sockets, proto=IPPROTO_TCP, family=AF_INET, states=14
2025-07-16 22:16:50.498   783-1016  InetDiagMessage         system_server                        D  Destroyed 0 sockets, proto=IPPROTO_TCP, family=AF_INET6, states=14
2025-07-16 22:16:50.498   783-1016  InetDiagMessage         system_server                        D  Destroyed live tcp sockets for uids={20210} in 3ms
2025-07-16 22:16:51.705  1115-1115  wpa_supplicant          wpa_supplicant                       I  wlan0: CTRL-EVENT-BEACON-LOSS 
2025-07-16 22:16:52.834   783-1804  TaskPersister           system_server                        E  File error accessing recents directory (directory doesn't exist?).
2025-07-16 22:16:55.495   783-953   ActivityManager         system_server                        D  freezing 2623 com.google.android.gms
2025-07-16 22:16:55.508   783-953   ActivityManager         system_server                        D  freezing 3347 com.google.android.adservices.api
2025-07-16 22:16:55.625   783-1016  InetDiagMessage         system_server                        D  Destroyed 0 sockets, proto=IPPROTO_TCP, family=AF_INET, states=14
2025-07-16 22:16:55.626   783-1016  InetDiagMessage         system_server                        D  Destroyed 0 sockets, proto=IPPROTO_TCP, family=AF_INET6, states=14
2025-07-16 22:16:55.626   783-1016  InetDiagMessage         system_server                        D  Destroyed live tcp sockets for uids={10210} in 1ms
2025-07-16 22:16:56.636  1279-1501  SatelliteController     com.android.phone                    D  iisInCarrierRoamingNbIotNtn: satellite is disabled
2025-07-16 22:16:58.207   783-975   ImeTracker              system_server                        I  system_server:18077705: setFinished at PHASE_WM_GET_CONTROL_WITH_LEASH with STATUS_TIMEOUT
2025-07-16 22:16:58.294  1537-2143  ProtoXDBBufferWrapper   com...gle.android.inputmethod.latin  I  ProtoXDBBufferWrapper.flushToStorage():158 Flushed 8 data item(s) to storage.
2025-07-16 22:16:59.898  1115-1115  wpa_supplicant          wpa_supplicant                       I  wlan0: CTRL-EVENT-BEACON-LOSS 
2025-07-16 22:17:06.630  1279-1501  SatelliteController     com.android.phone                    D  iisInCarrierRoamingNbIotNtn: satellite is disabled
2025-07-16 22:17:07.670 10163-10219 bluetooth               com.google.android.bluetooth         I  system/gd/hci/le_address_manager.cc:576 GetNextPrivateAddressIntervalRange: client=LeAddressManager, nonwake=7m8s, wake=14m21s
2025-07-16 22:17:07.680 10163-10219 bluetooth               com.google.android.bluetooth         I  system/gd/hci/le_address_manager.cc:777 OnCommandComplete: Received command complete with op_code LE_SET_RANDOM_ADDRESS(0x2005)
2025-07-16 22:17:07.680 10163-10219 bluetooth               com.google.android.bluetooth         I  system/gd/hci/le_address_manager.cc:797 OnCommandComplete: update random address : xx:xx:xx:xx:c4:5e
2025-07-16 22:17:07.680 10163-10219 bluetooth               com.google.android.bluetooth         I  system/gd/hci/le_address_manager.cc:392 resume_registered_clients: Resuming registered clients
2025-07-16 22:17:07.680 10163-10219 bluetooth               com.google.android.bluetooth         I  system/gd/hci/le_scanning_manager.cc:601 stop_scan: Scanning already stopped, return!
2025-07-16 22:17:07.834  1115-1115  wpa_supplicant          wpa_supplicant                       I  wlan0: CTRL-EVENT-BEACON-LOSS 
2025-07-16 22:17:08.258  1537-1537  VoiceInput...gerWrapper com...gle.android.inputmethod.latin  I  VoiceInputManagerWrapper.shutdownVoiceInternal():139 shutdownVoiceInternal()
2025-07-16 22:17:08.259  1537-1537  NotificationCenter      com...gle.android.inputmethod.latin  W  NotificationCenter.unregisterListener():480 Listener guw@a9500e3 was not registered for notification class luj
2025-07-16 22:17:15.770  1115-1115  wpa_supplicant          wpa_supplicant                       I  wlan0: CTRL-EVENT-BEACON-LOSS 
2025-07-16 22:17:16.628  1279-1501  SatelliteController     com.android.phone                    D  iisInCarrierRoamingNbIotNtn: satellite is disabled
2025-07-16 22:17:23.962  1115-1115  wpa_supplicant          wpa_supplicant                       I  wlan0: CTRL-EVENT-BEACON-LOSS 
2025-07-16 22:17:24.474   783-953   ActivityManager         system_server                        D  freezing 1693 android.process.acore
2025-07-16 22:17:24.478   783-1016  InetDiagMessage         system_server                        D  Destroyed 0 sockets, proto=IPPROTO_TCP, family=AF_INET, states=14
2025-07-16 22:17:24.480   783-1016  InetDiagMessage         system_server                        D  Destroyed 0 sockets, proto=IPPROTO_TCP, family=AF_INET6, states=14
2025-07-16 22:17:24.480   783-1016  InetDiagMessage         system_server                        D  Destroyed live tcp sockets for uids={10095} in 3ms
2025-07-16 22:17:26.631  1279-1501  SatelliteController     com.android.phone                    D  iisInCarrierRoamingNbIotNtn: satellite is disabled
2025-07-16 22:17:31.898  1115-1115  wpa_supplicant          wpa_supplicant                       I  wlan0: CTRL-EVENT-BEACON-LOSS 
2025-07-16 22:17:36.636  1279-1501  SatelliteController     com.android.phone                    D  iisInCarrierRoamingNbIotNtn: satellite is disabled
2025-07-16 22:17:39.834  1115-1115  wpa_supplicant          wpa_supplicant                       I  wlan0: CTRL-EVENT-BEACON-LOSS 
2025-07-16 22:17:46.084  1728-2255  bbax                    com...oglequicksearchbox:interactor  I  (REDACTED) getHotwordActive::active query: %s, watch: %s, devices connected: %s
2025-07-16 22:17:46.631  1279-1501  SatelliteController     com.android.phone                    D  iisInCarrierRoamingNbIotNtn: satellite is disabled
2025-07-16 22:17:47.770  1115-1115  wpa_supplicant          wpa_supplicant                       I  wlan0: CTRL-EVENT-BEACON-LOSS 
2025-07-16 22:17:55.962  1115-1115  wpa_supplicant          wpa_supplicant                       I  wlan0: CTRL-EVENT-BEACON-LOSS 
2025-07-16 22:17:56.631  1279-1501  SatelliteController     com.android.phone                    D  iisInCarrierRoamingNbIotNtn: satellite is disabled
2025-07-16 22:18:03.898  1115-1115  wpa_supplicant          wpa_supplicant                       I  wlan0: CTRL-EVENT-BEACON-LOSS 
2025-07-16 22:18:06.637  1279-1501  SatelliteController     com.android.phone                    D  iisInCarrierRoamingNbIotNtn: satellite is disabled
2025-07-16 22:18:10.606  2484-2484  BoundBrokerSvc          com.google.android.gms.persistent    D  onRebind: Intent { act=com.google.android.gms.libs.gmscorelogger.service.START dat=chimera-action:/... xflg=0x4 cmp=com.google.android.gms/.chimera.PersistentDirectBootAwareApiService }
2025-07-16 22:18:11.048  2484-11560 NetworkScheduler.Stats  com.google.android.gms.persistent    I  (REDACTED) Task %s/%s started execution. cause:%s exec_start_elapsed_seconds: %s
2025-07-16 22:18:11.054  2484-11560 NetworkScheduler.Stats  com.google.android.gms.persistent    I  (REDACTED) Task %s/%s finished executing. cause:%s result: %s elapsed_millis: %s uptime_millis: %s exec_start_elapsed_seconds: %s
2025-07-16 22:18:11.834  1115-1115  wpa_supplicant          wpa_supplicant                       I  wlan0: CTRL-EVENT-BEACON-LOSS 
2025-07-16 22:18:16.631  1279-1501  SatelliteController     com.android.phone                    D  iisInCarrierRoamingNbIotNtn: satellite is disabled
2025-07-16 22:18:19.770  1115-1115  wpa_supplicant          wpa_supplicant                       I  wlan0: CTRL-EVENT-BEACON-LOSS 
2025-07-16 22:18:25.198   783-1836  TelephonyManager        system_server                        D  requestModemActivityInfo: Sending result to app: ModemActivityInfo{ mTimestamp=7680427 mSleepTimeMs=1512 mIdleTimeMs=504 mActivityStatsTechSpecificInfo=[{mRat=UNKNOWN,mFrequencyRange=UNKNOWN,mTxTimeMs[]=[36, 108, 216, 288, 324],mRxTimeMs=324}]}
2025-07-16 22:18:25.680  2484-2484  BoundBrokerSvc          com.google.android.gms.persistent    D  onUnbind: Intent { act=com.google.android.gms.libs.gmscorelogger.service.START dat=chimera-action:/... xflg=0x4 cmp=com.google.android.gms/.chimera.PersistentDirectBootAwareApiService }
2025-07-16 22:18:26.631  1279-1501  SatelliteController     com.android.phone                    D  iisInCarrierRoamingNbIotNtn: satellite is disabled
2025-07-16 22:18:27.962  1115-1115  wpa_supplicant          wpa_supplicant                       I  wlan0: CTRL-EVENT-BEACON-LOSS 
2025-07-16 22:18:35.910  1115-1115  wpa_supplicant          wpa_supplicant                       I  wlan0: CTRL-EVENT-BEACON-LOSS 
2025-07-16 22:18:35.910   783-1836  WifiNl80211Manager      system_server                        D  Scan result ready event
2025-07-16 22:18:35.910   783-1836  WifiNative              system_server                        D  Scan result ready event
2025-07-16 22:18:35.912  2484-2607  WifiScanner             com.google.android.gms.persistent    I  onFullResults
2025-07-16 22:18:35.915   783-1010  HalDevMgr               system_server                        I  bestIfaceCreationProposal is null, requestIface=STA, existingIface=[name=wlan0 type=STA]
2025-07-16 22:18:36.640  1279-1501  SatelliteController     com.android.phone                    D  iisInCarrierRoamingNbIotNtn: satellite is disabled
2025-07-16 22:18:43.834  1115-1115  wpa_supplicant          wpa_supplicant                       I  wlan0: CTRL-EVENT-BEACON-LOSS 
2025-07-16 22:18:46.084  1728-2255  bbax                    com...oglequicksearchbox:interactor  I  (REDACTED) getHotwordActive::active query: %s, watch: %s, devices connected: %s
2025-07-16 22:18:46.632  1279-1501  SatelliteController     com.android.phone                    D  iisInCarrierRoamingNbIotNtn: satellite is disabled
2025-07-16 22:18:51.770  1115-1115  wpa_supplicant          wpa_supplicant                       I  wlan0: CTRL-EVENT-BEACON-LOSS 
2025-07-16 22:18:56.632  1279-1501  SatelliteController     com.android.phone                    D  iisInCarrierRoamingNbIotNtn: satellite is disabled
2025-07-16 22:18:59.961  1115-1115  wpa_supplicant          wpa_supplicant                       I  wlan0: CTRL-EVENT-BEACON-LOSS 
2025-07-16 22:19:06.639  1279-1501  SatelliteController     com.android.phone                    D  iisInCarrierRoamingNbIotNtn: satellite is disabled
2025-07-16 22:19:07.898  1115-1115  wpa_supplicant          wpa_supplicant                       I  wlan0: CTRL-EVENT-BEACON-LOSS 
2025-07-16 22:19:15.834  1115-1115  wpa_supplicant          wpa_supplicant                       I  wlan0: CTRL-EVENT-BEACON-LOSS 
2025-07-16 22:19:16.633  1279-1501  SatelliteController     com.android.phone                    D  iisInCarrierRoamingNbIotNtn: satellite is disabled
2025-07-16 22:19:23.770  1115-1115  wpa_supplicant          wpa_supplicant                       I  wlan0: CTRL-EVENT-BEACON-LOSS 
2025-07-16 22:19:26.631  1279-1501  SatelliteController     com.android.phone                    D  iisInCarrierRoamingNbIotNtn: satellite is disabled
2025-07-16 22:19:31.962  1115-1115  wpa_supplicant          wpa_supplicant                       I  wlan0: CTRL-EVENT-BEACON-LOSS 
2025-07-16 22:19:36.640  1279-1501  SatelliteController     com.android.phone                    D  iisInCarrierRoamingNbIotNtn: satellite is disabled
2025-07-16 22:19:39.898  1115-1115  wpa_supplicant          wpa_supplicant                       I  wlan0: CTRL-EVENT-BEACON-LOSS 
2025-07-16 22:19:41.242   783-1339  ActivityManager         system_server                        I  Force stopping com.zsolutions.peerlinkyz appid=10237 user=0: from pid 11575
2025-07-16 22:19:41.245   783-1339  IPCThreadState          system_server                        W  Sending oneway calls to frozen process.
2025-07-16 22:19:41.245   783-1339  IPCThreadState          system_server                        W  Sending oneway calls to frozen process.
2025-07-16 22:19:41.246   783-1339  IPCThreadState          system_server                        W  Sending oneway calls to frozen process.
2025-07-16 22:19:41.246   783-1080  Background...rolService system_server                        D  Package event received: 0
2025-07-16 22:19:41.246   783-1339  IPCThreadState          system_server                        W  Sending oneway calls to frozen process.
2025-07-16 22:19:41.246   783-1339  IPCThreadState          system_server                        W  Sending oneway calls to frozen process.
2025-07-16 22:19:41.247   783-1339  IPCThreadState          system_server                        W  Sending oneway calls to frozen process.
2025-07-16 22:19:41.247   783-1339  IPCThreadState          system_server                        W  Sending oneway calls to frozen process.
2025-07-16 22:19:41.247   783-1339  IPCThreadState          system_server                        W  Sending oneway calls to frozen process.
2025-07-16 22:19:41.247   783-1339  IPCThreadState          system_server                        W  Sending oneway calls to frozen process.
2025-07-16 22:19:41.247   783-1339  IPCThreadState          system_server                        W  Sending oneway calls to frozen process.
2025-07-16 22:19:41.248   783-1080  Background...rolService system_server                        D  Package event received: 0
2025-07-16 22:19:41.248   783-1080  Background...rolService system_server                        D  Package event received: 0
2025-07-16 22:19:41.248   783-1339  IPCThreadState          system_server                        W  Sending oneway calls to frozen process.
2025-07-16 22:19:41.248   783-1080  Background...rolService system_server                        D  Package event received: 0
2025-07-16 22:19:41.248   783-1339  IPCThreadState          system_server                        W  Sending oneway calls to frozen process.
2025-07-16 22:19:41.249   783-1339  IPCThreadState          system_server                        W  Sending oneway calls to frozen process.
2025-07-16 22:19:41.249   783-1080  Background...rolService system_server                        D  Package event received: 0
2025-07-16 22:19:41.249   783-1339  IPCThreadState          system_server                        W  Sending oneway calls to frozen process.
2025-07-16 22:19:41.249   783-1080  Background...rolService system_server                        D  Package event received: 0
2025-07-16 22:19:41.250   783-1339  IPCThreadState          system_server                        W  Sending oneway calls to frozen process.
2025-07-16 22:19:41.250   783-1339  IPCThreadState          system_server                        W  Sending oneway calls to frozen process.
2025-07-16 22:19:41.250   783-1080  Background...rolService system_server                        D  Package event received: 0
2025-07-16 22:19:41.250   783-1339  IPCThreadState          system_server                        W  Sending oneway calls to frozen process.
2025-07-16 22:19:41.250   783-1339  IPCThreadState          system_server                        W  Sending oneway calls to frozen process.
2025-07-16 22:19:41.251   783-1339  IPCThreadState          system_server                        W  Sending oneway calls to frozen process.
2025-07-16 22:19:41.251   783-1339  IPCThreadState          system_server                        W  Sending oneway calls to frozen process.
2025-07-16 22:19:41.251   783-1339  IPCThreadState          system_server                        W  Sending oneway calls to frozen process.
2025-07-16 22:19:41.251   783-1080  Background...rolService system_server                        D  Package event received: 0
2025-07-16 22:19:41.251   783-1339  IPCThreadState          system_server                        W  Sending oneway calls to frozen process.
2025-07-16 22:19:41.252   783-1339  ProcessStats            system_server                        W  Tracking association SourceState{4930872 system/1000 BFgs #9559} whose proc state 4 is better than process ProcessState{f1dfde5 com.google.android.ext.services/10208 pkg=com.google.android.ext.services} proc state 14 (15 skipped)
2025-07-16 22:19:41.253   783-1080  Background...rolService system_server                        D  Package event received: 0
2025-07-16 22:19:41.253   783-1080  Background...rolService system_server                        D  Package event received: 0
2025-07-16 22:19:41.253   783-1080  Background...rolService system_server                        D  Package event received: 0
2025-07-16 22:19:41.253   783-1080  Background...rolService system_server                        D  Package event received: 0
2025-07-16 22:19:41.253   783-1080  Background...rolService system_server                        D  Package event received: 0
2025-07-16 22:19:41.253   783-1080  Background...rolService system_server                        D  Package event received: 0
2025-07-16 22:19:41.253   783-1080  Background...rolService system_server                        D  Package event received: 0
2025-07-16 22:19:41.253   783-1080  Background...rolService system_server                        D  Package event received: 0
2025-07-16 22:19:41.253   783-1080  Background...rolService system_server                        D  Package event received: 0
2025-07-16 22:19:41.253   783-1080  Background...rolService system_server                        D  Package event received: 0
2025-07-16 22:19:41.253   783-1080  Background...rolService system_server                        D  Package event received: 0
2025-07-16 22:19:41.253   783-1080  Background...rolService system_server                        D  Package event received: 0
2025-07-16 22:19:41.253   783-1080  Background...rolService system_server                        D  Package event received: 0
2025-07-16 22:19:41.253   783-1080  Background...rolService system_server                        D  Package event received: 0
2025-07-16 22:19:41.257   783-1339  AppsFilter              system_server                        I  interaction: PackageSetting{9fb8cc6 com.android.microdroid.empty_payload/10202} -> PackageSetting{e6fb14c com.zsolutions.peerlinkyz/10237} BLOCKED
2025-07-16 22:19:41.257   783-1339  AppsFilter              system_server                        I  interaction: PackageSetting{dee17dd com.zsolutions.securechat/10217} -> PackageSetting{e6fb14c com.zsolutions.peerlinkyz/10237} BLOCKED
2025-07-16 22:19:41.263  1279-1279  CarrierSvcBindHelper    com.android.phone                    D  onHandleForceStop: [com.zsolutions.peerlinkyz]
2025-07-16 22:19:41.264  1279-1279  CarrierSvcBindHelper    com.android.phone                    D  No carrier app for: 0
2025-07-16 22:19:41.311   783-976   system_server           system_server                        I  AssetManager2(0x7e27460c2c98) locale list changing from [] to [en-US]
2025-07-16 22:19:41.318 11583-11583 service                 service                              W  Thread Pool max thread count is 0. Cannot cache binder as linkToDeath cannot be implemented. serviceName: DockObserver
2025-07-16 22:19:41.318 11583-11583 Parcel                  service                              E  Reading a NULL string not supported here.
2025-07-16 22:19:41.318 11583-11583 service                 service                              W  Thread Pool max thread count is 0. Cannot cache binder as linkToDeath cannot be implemented. serviceName: SurfaceFlinger
2025-07-16 22:19:41.319 11583-11583 service                 service                              W  Thread Pool max thread count is 0. Cannot cache binder as linkToDeath cannot be implemented. serviceName: SurfaceFlingerAIDL
2025-07-16 22:19:41.319 11583-11583 service                 service                              W  Thread Pool max thread count is 0. Cannot cache binder as linkToDeath cannot be implemented. serviceName: accessibility
2025-07-16 22:19:41.320 11583-11583 service                 service                              W  Thread Pool max thread count is 0. Cannot cache binder as linkToDeath cannot be implemented. serviceName: account
2025-07-16 22:19:41.320 11583-11583 service                 service                              W  Thread Pool max thread count is 0. Cannot cache binder as linkToDeath cannot be implemented. serviceName: activity
2025-07-16 22:19:41.321 11583-11583 service                 service                              W  Thread Pool max thread count is 0. Cannot cache binder as linkToDeath cannot be implemented. serviceName: activity_task
2025-07-16 22:19:41.322 11583-11583 service                 service                              W  Thread Pool max thread count is 0. Cannot cache binder as linkToDeath cannot be implemented. serviceName: adb
2025-07-16 22:19:41.322   783-976   system_server           system_server                        I  AssetManager2(0x7e2746141598) locale list changing from [] to [en-US]
2025-07-16 22:19:41.323 11583-11583 service                 service                              W  Thread Pool max thread count is 0. Cannot cache binder as linkToDeath cannot be implemented. serviceName: adservices_manager
2025-07-16 22:19:41.323 11583-11583 service                 service                              W  Thread Pool max thread count is 0. Cannot cache binder as linkToDeath cannot be implemented. serviceName: advanced_protection
2025-07-16 22:19:41.324 11583-11583 service                 service                              W  Thread Pool max thread count is 0. Cannot cache binder as linkToDeath cannot be implemented. serviceName: alarm
2025-07-16 22:19:41.325 11583-11583 service                 service                              W  Thread Pool max thread count is 0. Cannot cache binder as linkToDeath cannot be implemented. serviceName: ambient_context
2025-07-16 22:19:41.326 11583-11583 service                 service                              W  Thread Pool max thread count is 0. Cannot cache binder as linkToDeath cannot be implemented. serviceName: android.frameworks.cameraservice.service.ICameraService/default
2025-07-16 22:19:41.327 11583-11583 service                 service                              W  Thread Pool max thread count is 0. Cannot cache binder as linkToDeath cannot be implemented. serviceName: android.frameworks.devicestate.IDeviceStateService/default
2025-07-16 22:19:41.328 11583-11583 service                 service                              W  Thread Pool max thread count is 0. Cannot cache binder as linkToDeath cannot be implemented. serviceName: android.frameworks.location.altitude.IAltitudeService/default
2025-07-16 22:19:41.329 11583-11583 service                 service                              W  Thread Pool max thread count is 0. Cannot cache binder as linkToDeath cannot be implemented. serviceName: android.frameworks.sensorservice.ISensorManager/default
2025-07-16 22:19:41.330 11583-11583 service                 service                              W  Thread Pool max thread count is 0. Cannot cache binder as linkToDeath cannot be implemented. serviceName: android.frameworks.stats.IStats/default
2025-07-16 22:19:41.331 11583-11583 service                 service                              W  Thread Pool max thread count is 0. Cannot cache binder as linkToDeath cannot be implemented. serviceName: android.frameworks.vibrator.IVibratorControlService/default
2025-07-16 22:19:41.331 11583-11583 service                 service                              W  Thread Pool max thread count is 0. Cannot cache binder as linkToDeath cannot be implemented. serviceName: android.hardware.authsecret.IAuthSecret/default
2025-07-16 22:19:41.329 11583-11583 service                 service                              W  type=1400 audit(0.0:2315): avc:  denied  { call } for  scontext=u:r:shell:s0 tcontext=u:r:hal_authsecret_default:s0 tclass=binder permissive=0
2025-07-16 22:19:41.338 11583-11583 IPCThreadState          service                              E  Binder transaction failure. id: 1313620, BR_*: 29201, error: -1 (Operation not permitted)
2025-07-16 22:19:41.337 11583-11583 service                 service                              W  type=1400 audit(0.0:2316): avc:  denied  { call } for  scontext=u:r:shell:s0 tcontext=u:r:hal_fingerprint_default:s0 tclass=binder permissive=0
2025-07-16 22:19:41.344 11583-11583 IPCThreadState          service                              E  Binder transaction failure. id: 1313635, BR_*: 29201, error: -1 (Operation not permitted)
2025-07-16 22:19:41.345 11583-11583 service                 service                              W  Thread Pool max thread count is 0. Cannot cache binder as linkToDeath cannot be implemented. serviceName: android.hardware.bluetooth.IBluetoothHci/default
2025-07-16 22:19:41.341 11583-11583 service                 service                              W  type=1400 audit(0.0:2317): avc:  denied  { call } for  scontext=u:r:shell:s0 tcontext=u:r:hal_bluetooth_default:s0 tclass=binder permissive=0
2025-07-16 22:19:41.350 11583-11583 IPCThreadState          service                              E  Binder transaction failure. id: 1313640, BR_*: 29201, error: -1 (Operation not permitted)
2025-07-16 22:19:41.350 11583-11583 service                 service                              W  Thread Pool max thread count is 0. Cannot cache binder as linkToDeath cannot be implemented. serviceName: android.hardware.bluetooth.audio.IBluetoothAudioProviderFactory/default
2025-07-16 22:19:41.349 11583-11583 service                 service                              W  type=1400 audit(0.0:2318): avc:  denied  { call } for  scontext=u:r:shell:s0 tcontext=u:r:hal_audio_default:s0 tclass=binder permissive=0
2025-07-16 22:19:41.356 11583-11583 IPCThreadState          service                              E  Binder transaction failure. id: 1313644, BR_*: 29201, error: -1 (Operation not permitted)
2025-07-16 22:19:41.357 11583-11583 service                 service                              W  Thread Pool max thread count is 0. Cannot cache binder as linkToDeath cannot be implemented. serviceName: android.hardware.bluetooth.offload.leaudio.IHciProxy/default
2025-07-16 22:19:41.357 11583-11583 service                 service                              W  type=1400 audit(0.0:2319): avc:  denied  { call } for  scontext=u:r:shell:s0 tcontext=u:r:hal_bluetooth_default:s0 tclass=binder permissive=0
2025-07-16 22:19:41.362 11583-11583 IPCThreadState          service                              E  Binder transaction failure. id: 1313648, BR_*: 29201, error: -1 (Operation not permitted)
2025-07-16 22:19:41.363 11583-11583 service                 service                              W  Thread Pool max thread count is 0. Cannot cache binder as linkToDeath cannot be implemented. serviceName: android.hardware.camera.provider.ICameraProvider/internal/0
2025-07-16 22:19:41.363 11583-11583 IPCThreadState          service                              E  Binder transaction failure. id: 1313653, BR_*: 29201, error: -1 (Operation not permitted)
2025-07-16 22:19:41.363 11583-11583 service                 service                              W  Thread Pool max thread count is 0. Cannot cache binder as linkToDeath cannot be implemented. serviceName: android.hardware.camera.provider.ICameraProvider/internal/1
2025-07-16 22:19:41.363 11583-11583 IPCThreadState          service                              E  Binder transaction failure. id: 1313657, BR_*: 29201, error: -1 (Operation not permitted)
2025-07-16 22:19:41.365 11583-11583 service                 service                              W  Thread Pool max thread count is 0. Cannot cache binder as linkToDeath cannot be implemented. serviceName: android.hardware.cas.IMediaCasService/default
2025-07-16 22:19:41.366 11583-11583 service                 service                              W  Thread Pool max thread count is 0. Cannot cache binder as linkToDeath cannot be implemented. serviceName: android.hardware.contexthub.IContextHub/default
2025-07-16 22:19:41.366 11583-11583 IPCThreadState          service                              E  Binder transaction failure. id: 1313666, BR_*: 29201, error: -1 (Operation not permitted)
2025-07-16 22:19:41.361 11583-11583 service                 service                              W  type=1400 audit(0.0:2320): avc:  denied  { call } for  scontext=u:r:shell:s0 tcontext=u:r:hal_camera_default:s0 tclass=binder permissive=0
2025-07-16 22:19:41.367 11583-11583 service                 service                              W  Thread Pool max thread count is 0. Cannot cache binder as linkToDeath cannot be implemented. serviceName: android.hardware.drm.IDrmFactory/widevine
2025-07-16 22:19:41.368 11583-11583 service                 service                              W  Thread Pool max thread count is 0. Cannot cache binder as linkToDeath cannot be implemented. serviceName: android.hardware.gatekeeper.IGatekeeper/default
2025-07-16 22:19:41.369 11583-11583 IPCThreadState          service                              E  Binder transaction failure. id: 1313675, BR_*: 29201, error: -1 (Operation not permitted)
2025-07-16 22:19:41.361 11583-11583 service                 service                              W  type=1400 audit(0.0:2321): avc:  denied  { call } for  scontext=u:r:shell:s0 tcontext=u:r:hal_camera_default:s0 tclass=binder permissive=0
2025-07-16 22:19:41.365 11583-11583 service                 service                              W  type=1400 audit(0.0:2322): avc:  denied  { call } for  scontext=u:r:shell:s0 tcontext=u:r:hal_contexthub_default:s0 tclass=binder permissive=0
2025-07-16 22:19:41.376 11583-11583 IPCThreadState          service                              E  Binder transaction failure. id: 1313679, BR_*: 29201, error: -1 (Operation not permitted)
2025-07-16 22:19:41.376 11583-11583 service                 service                              W  Thread Pool max thread count is 0. Cannot cache binder as linkToDeath cannot be implemented. serviceName: android.hardware.graphics.allocator.IAllocator/default
2025-07-16 22:19:41.377 11583-11583 service                 service                              W  Thread Pool max thread count is 0. Cannot cache binder as linkToDeath cannot be implemented. serviceName: android.hardware.graphics.composer3.IComposer/default
2025-07-16 22:19:41.377 11583-11583 IPCThreadState          service                              E  Binder transaction failure. id: 1313689, BR_*: 29201, error: -1 (Operation not permitted)
2025-07-16 22:19:41.378 11583-11583 service                 service                              W  Thread Pool max thread count is 0. Cannot cache binder as linkToDeath cannot be implemented. serviceName: android.hardware.health.IHealth/default
2025-07-16 22:19:41.379 11583-11583 IPCThreadState          service                              E  Binder transaction failure. id: 1313693, BR_*: 29201, error: -1 (Operation not permitted)
2025-07-16 22:19:41.379 11583-11583 service                 service                              W  Thread Pool max thread count is 0. Cannot cache binder as linkToDeath cannot be implemented. serviceName: android.hardware.identity.IIdentityCredentialStore/default
2025-07-16 22:19:41.379 11583-11583 IPCThreadState          service                              E  Binder transaction failure. id: 1313697, BR_*: 29201, error: -1 (Operation not permitted)
2025-07-16 22:19:41.365 11583-11583 service                 service                              W  type=1400 audit(0.0:2323): avc:  denied  { call } for  scontext=u:r:shell:s0 tcontext=u:r:hal_gatekeeper_default:s0 tclass=binder permissive=0
2025-07-16 22:19:41.380 11583-11583 service                 service                              W  Thread Pool max thread count is 0. Cannot cache binder as linkToDeath cannot be implemented. serviceName: android.hardware.light.ILights/default
2025-07-16 22:19:41.380 11583-11583 IPCThreadState          service                              E  Binder transaction failure. id: 1313701, BR_*: 29201, error: -1 (Operation not permitted)
2025-07-16 22:19:41.381 11583-11583 service                 service                              W  Thread Pool max thread count is 0. Cannot cache binder as linkToDeath cannot be implemented. serviceName: android.hardware.media.c2.IComponentStore/software
2025-07-16 22:19:41.383 11583-11583 service                 service                              W  Thread Pool max thread count is 0. Cannot cache binder as linkToDeath cannot be implemented. serviceName: android.hardware.neuralnetworks.IDevice/nnapi-sample_all
2025-07-16 22:19:41.384 11583-11583 service                 service                              W  Thread Pool max thread count is 0. Cannot cache binder as linkToDeath cannot be implemented. serviceName: android.hardware.neuralnetworks.IDevice/nnapi-sample_quant
2025-07-16 22:19:41.385 11583-11583 service                 service                              W  Thread Pool max thread count is 0. Cannot cache binder as linkToDeath cannot be implemented. serviceName: android.hardware.neuralnetworks.IDevice/nnapi-sample_sl_shim
2025-07-16 22:19:41.387 11583-11583 service                 service                              W  Thread Pool max thread count is 0. Cannot cache binder as linkToDeath cannot be implemented. serviceName: android.hardware.power.IPower/default
2025-07-16 22:19:41.387 11583-11583 IPCThreadState          service                              E  Binder transaction failure. id: 1313725, BR_*: 29201, error: -1 (Operation not permitted)
2025-07-16 22:19:41.388 11583-11583 service                 service                              W  Thread Pool max thread count is 0. Cannot cache binder as linkToDeath cannot be implemented. serviceName: android.hardware.power.stats.IPowerStats/default
2025-07-16 22:19:41.388 11583-11583 IPCThreadState          service                              E  Binder transaction failure. id: 1313729, BR_*: 29201, error: -1 (Operation not permitted)
2025-07-16 22:19:41.389 11583-11583 service                 service                              W  Thread Pool max thread count is 0. Cannot cache binder as linkToDeath cannot be implemented. serviceName: android.hardware.radio.config.IRadioConfig/default
2025-07-16 22:19:41.389 11583-11583 IPCThreadState          service                              E  Binder transaction failure. id: 1313733, BR_*: 29201, error: -1 (Operation not permitted)
2025-07-16 22:19:41.390 11583-11583 service                 service                              W  Thread Pool max thread count is 0. Cannot cache binder as linkToDeath cannot be implemented. serviceName: android.hardware.radio.data.IRadioData/slot1
2025-07-16 22:19:41.390 11583-11583 IPCThreadState          service                              E  Binder transaction failure. id: 1313737, BR_*: 29201, error: -1 (Operation not permitted)
