2025-07-16 22:16:30.260  1537-1537  AndroidIME              com...gle.android.inputmethod.latin  I  InputBundleManager.startInput():361 startInput() with kzp[keyboardType=accessory, payload=null]
2025-07-16 22:16:30.261  1537-1537  GlobeKeyExtension       com...gle.android.inputmethod.latin  I  GlobeKeyExtension.onActivate():70 
2025-07-16 22:16:30.279  2623-2623  BoundBrokerSvc          com.google.android.gms               D  onBind: Intent { act=com.google.android.mdd.service.START dat=chimera-action:/... xflg=0x4 cmp=com.google.android.gms/.chimera.GmsBoundBrokerService }
2025-07-16 22:16:30.279  2623-2623  BoundBrokerSvc          com.google.android.gms               D  Loading bound service for intent: Intent { act=com.google.android.mdd.service.START dat=chimera-action:/... xflg=0x4 cmp=com.google.android.gms/.chimera.GmsBoundBrokerService }
2025-07-16 22:16:30.291   783-1893  AssistStructure         system_server                        I  Flattened final assist data: 1480 bytes, containing 1 windows, 8 views
2025-07-16 22:16:30.295  2484-11296 alef                    com.google.android.gms.persistent    W  Failed to retrieve prediction data. [CONTEXT service_id=177 ] (Ask Gemini)
                                                                                                    java.util.concurrent.ExecutionException: fdot: No data was found for the table autofill-domain-predictions-prod-spanner.
                                                                                                    	at gdxe.j(:com.google.android.gms@252431038@25.24.31 (260800-772615181):44)
                                                                                                    	at gdxn.v(:com.google.android.gms@252431038@25.24.31 (260800-772615181):31)
                                                                                                    	at gdxe.get(:com.google.android.gms@252431038@25.24.31 (260800-772615181):2)
                                                                                                    	at alef.e(:com.google.android.gms@252431038@25.24.31 (260800-772615181):81)
                                                                                                    	at alef.a(:com.google.android.gms@252431038@25.24.31 (260800-772615181):124)
                                                                                                    	at albp.call(:com.google.android.gms@252431038@25.24.31 (260800-772615181):5)
                                                                                                    	at java.util.concurrent.FutureTask.run(FutureTask.java:317)
                                                                                                    	at ayzi.c(:com.google.android.gms@252431038@25.24.31 (260800-772615181):50)
                                                                                                    	at ayzi.run(:com.google.android.gms@252431038@25.24.31 (260800-772615181):70)
                                                                                                    	at java.util.concurrent.ThreadPoolExecutor.runWorker(ThreadPoolExecutor.java:1156)
                                                                                                    	at java.util.concurrent.ThreadPoolExecutor$Worker.run(ThreadPoolExecutor.java:651)
                                                                                                    	at azew.run(:com.google.android.gms@252431038@25.24.31 (260800-772615181):8)
                                                                                                    	at java.lang.Thread.run(Thread.java:1119)
                                                                                                    Caused by: fdot: No data was found for the table autofill-domain-predictions-prod-spanner.
                                                                                                    	at fdpk.a(:com.google.android.gms@252431038@25.24.31 (260800-772615181):217)
                                                                                                    	at gdxp.d(:com.google.android.gms@252431038@25.24.31 (260800-772615181):3)
                                                                                                    	at gdxr.run(:com.google.android.gms@252431038@25.24.31 (260800-772615181):38)
                                                                                                    	at gdzd.execute(:com.google.android.gms@252431038@25.24.31 (260800-772615181):1)
                                                                                                    	at gdxe.f(:com.google.android.gms@252431038@25.24.31 (260800-772615181):1)
                                                                                                    	at gdxe.m(:com.google.android.gms@252431038@25.24.31 (260800-772615181):99)
                                                                                                    	at gdxe.t(:com.google.android.gms@252431038@25.24.31 (260800-772615181):26)
                                                                                                    	at gdxp.e(:com.google.android.gms@252431038@25.24.31 (260800-772615181):3)
                                                                                                    	at gdxr.run(:com.google.android.gms@252431038@25.24.31 (260800-772615181):44)
                                                                                                    	at gdzd.execute(:com.google.android.gms@252431038@25.24.31 (260800-772615181):1)
                                                                                                    	at gdxe.f(:com.google.android.gms@252431038@25.24.31 (260800-772615181):1)
                                                                                                    	at gdxe.m(:com.google.android.gms@252431038@25.24.31 (260800-772615181):99)
                                                                                                    	at gdxe.q(:com.google.android.gms@252431038@25.24.31 (260800-772615181):13)
                                                                                                    	at gdwv.run(:com.google.android.gms@252431038@25.24.31 (260800-772615181):120)
                                                                                                    	at gdzd.execute(:com.google.android.gms@252431038@25.24.31 (260800-772615181):1)
                                                                                                    	at gdxe.f(:com.google.android.gms@252431038@25.24.31 (260800-772615181):1)
                                                                                                    	at gdxe.m(:com.google.android.gms@252431038@25.24.31 (260800-772615181):99)
                                                                                                    	at gdxe.q(:com.google.android.gms@252431038@25.24.31 (260800-772615181):13)
                                                                                                    	at gdxq.e(:com.google.android.gms@252431038@25.24.31 (260800-772615181):1)
                                                                                                    	at gdxr.run(:com.google.android.gms@252431038@25.24.31 (260800-772615181):44)
                                                                                                    	at gdzd.execute(:com.google.android.gms@252431038@25.24.31 (260800-772615181):1)
                                                                                                    	at gdxe.f(:com.google.android.gms@252431038@25.24.31 (260800-772615181):1)
                                                                                                    	at gdxe.m(:com.google.android.gms@252431038@25.24.31 (260800-772615181):99)
                                                                                                    	at gdxe.t(:com.google.android.gms@252431038@25.24.31 (260800-772615181):26)
                                                                                                    	at geaa.run(:com.google.android.gms@252431038@25.24.31 (260800-772615181):5)
                                                                                                    	at gdzd.execute(:com.google.android.gms@252431038@25.24.31 (260800-772615181):1)
                                                                                                    	at gdxe.f(:com.google.android.gms@252431038@25.24.31 (260800-772615181):1)
                                                                                                    	at gdxe.m(:com.google.android.gms@252431038@25.24.31 (260800-772615181):99)
                                                                                                    	at gdxe.t(:com.google.android.gms@252431038@25.24.31 (260800-772615181):26)
                                                                                                    	at gdxp.e(:com.google.android.gms@252431038@25.24.31 (260800-772615181):3)
                                                                                                    	at gdxr.run(:com.google.android.gms@252431038@25.24.31 (260800-772615181):44)
                                                                                                    	at gebg.run(:com.google.android.gms@252431038@25.24.31 (260800-772615181):68)
                                                                                                    	... 6 more
2025-07-16 22:16:30.301  1537-1537  CrowdsourceExtension    com...gle.android.inputmethod.latin  I  CrowdsourceExtension.checkIfDefaultBrowserIsAllowed():109 Failed to get default browser. The default browser may be deactivated.
2025-07-16 22:16:30.303  1537-1537  VoiceInput...gerWrapper com...gle.android.inputmethod.latin  I  VoiceInputManagerWrapper.cancelShutdown():100 cancelShutdown()
2025-07-16 22:16:30.303  1537-1537  VoiceInput...gerWrapper com...gle.android.inputmethod.latin  I  VoiceInputManagerWrapper.syncLanguagePacks():112 syncLanguagePacks()
2025-07-16 22:16:30.305  1537-1537  VoiceInputManager       com...gle.android.inputmethod.latin  I  VoiceInputManager.onKeyboardActivated():1023 onKeyboardActivated() [UD]
2025-07-16 22:16:30.305  2623-2623  BoundBrokerSvc          com.google.android.gms               D  onBind: Intent { act=com.google.android.gms.wallet.service.BIND xflg=0x4 pkg=com.google.android.gms }
2025-07-16 22:16:30.305  2623-2623  BoundBrokerSvc          com.google.android.gms               D  Loading bound service for intent: Intent { act=com.google.android.gms.wallet.service.BIND xflg=0x4 pkg=com.google.android.gms }
2025-07-16 22:16:30.307  1537-1537  AccessoryI...odeManager com...gle.android.inputmethod.latin  I  AccessoryInputModeManager.onModeStarted():322 Accessory input mode started: STYLUS
2025-07-16 22:16:30.309  1537-1537  ExtensionWrapper        com...gle.android.inputmethod.latin  W  ExtensionWrapper.setAllowUpdateNavigationBarStyle():810 class iio is not activate
2025-07-16 22:16:30.309  1537-1537  WidgetView...Controller com...gle.android.inputmethod.latin  I  WidgetViewShowingController.showWidgetKeyboardInternal():524 Show companion widget
2025-07-16 22:16:30.310  1537-5743  SpeechFactory           com...gle.android.inputmethod.latin  I  SpeechRecognitionFactory.maybeScheduleAutoPackDownloadForFallback():161 maybeScheduleAutoPackDownloadForFallback()
2025-07-16 22:16:30.311  1537-5743  FallbackOn...onProvider com...gle.android.inputmethod.latin  I  FallbackOnDeviceRecognitionProvider.maybeScheduleAutoPackDownload():198 maybeScheduleAutoPackDownload() for language tag en-US
2025-07-16 22:16:30.316  1537-1537  ExtensionWrapper        com...gle.android.inputmethod.latin  W  ExtensionWrapper.setAllowUpdateNavigationBarStyle():810 class iio is not activate
2025-07-16 22:16:30.317  1537-1537  WidgetView...ionHandler com...gle.android.inputmethod.latin  I  WidgetViewShowingPositionHandler.updateAvailableArea():194 update available area Rect(21, 84 - 1059, 2333)
2025-07-16 22:16:30.322   783-783   FillRequestEventLogger  system_server                        W  Shouldn't be logging AutofillFillRequestReported again for same event
2025-07-16 22:16:30.323   783-783   FillResponseEventLogger system_server                        W  Shouldn't be logging AutofillFillRequestReported again for same event
2025-07-16 22:16:30.323   783-783   Presentati...ventLogger system_server                        W  Empty dataset. Autofill ignoring log
2025-07-16 22:16:30.323   783-783   AutofillSession         system_server                        D  clearPendingIntentLocked
2025-07-16 22:16:30.327  2484-2606  IPCThreadState          com.google.android.gms.persistent    I  oneway function results for code 1 on binder at 0x7e2766089b70 will be dropped but finished with status UNKNOWN_TRANSACTION and reply parcel size 80
2025-07-16 22:16:30.328   783-1080  Background...rolService system_server                        D  Package event received: 0
2025-07-16 22:16:30.329  1537-1537  HardKeyTracker          com...gle.android.inputmethod.latin  I  HardKeyTracker.unregisterKeySequence():182 Unregister key sequence lsr{labelResId=2132020170, callback=cbb@9f35d97, lastModifier=2, keyCodes=[32], actions=[0]}
2025-07-16 22:16:30.329  1309-1309  InlineSugg...derService com.google.android.ext.services      V  handleDestroySuggestionViews called for 0:20779933
2025-07-16 22:16:30.333  1537-1537  ProactiveU...rExtension com...gle.android.inputmethod.latin  I  ProactiveUndoTriggerExtension.eventConsumer$lambda$0():125 kyp{intention=null, keyCode=-10159, ACTIVATE_SUPPLEMENTARY_KEYBOARD, data=accessory_candidates_consumer}
2025-07-16 22:16:30.333  1537-1537  NotificationCenter      com...gle.android.inputmethod.latin  W  NotificationCenter$NotificationQueue.notifyPendingNotificationsOnExecutor():877 Heavy notify work detected on UI thread: [ikh->iik] takes 25ms
2025-07-16 22:16:30.335  1537-1537  KeyboardHeightUtil      com...gle.android.inputmethod.latin  I  KeyboardHeightUtil.calculateMaxKeyboardBodyHeight():46 leave 281 height for app when ime window height:2274, header height:116 and isFullscreenMode:false, so the max keyboard body height is:1877
2025-07-16 22:16:30.336  1537-1537  KeyboardHeightUtil      com...gle.android.inputmethod.latin  I  KeyboardHeightUtil.calculateMaxKeyboardBodyHeight():46 leave 281 height for app when ime window height:2274, header height:116 and isFullscreenMode:false, so the max keyboard body height is:1877
2025-07-16 22:16:30.336  1537-1537  ExtensionWrapper        com...gle.android.inputmethod.latin  W  ExtensionWrapper.setExtensionViewVisibility():801 interface koa is not activate
2025-07-16 22:16:30.339  1537-1537  Module                  com...gle.android.inputmethod.latin  I  DeviceLockedStatusModuleProvider$Module.updateDeviceLockedStatus():100 repeatCheckTimes = 1, locked = false
2025-07-16 22:16:30.340  1537-1537  VoiceImeExtension       com...gle.android.inputmethod.latin  I  VoiceImeExtension.shouldStartVoiceInputAutomaticallyInCurrentInputBox():469 No private IME option set to start voice input.
2025-07-16 22:16:30.344   783-1923  CoreBackPreview         system_server                        D  Window{a357fdf u0 com.zsolutions.peerlinkyz/com.zsolutions.peerlinkyz.ChatActivity}: Setting back callback OnBackInvokedCallbackInfo{mCallback=android.window.IOnBackInvokedCallback$Stub$Proxy@b08a4c0, mPriority=0, mIsAnimationCallback=true, mOverrideBehavior=0}
2025-07-16 22:16:30.346  2623-2623  BoundBrokerSvc          com.google.android.gms               D  onBind: Intent { act=com.google.firebase.dynamiclinks.service.START xflg=0x4 pkg=com.google.android.gms }
2025-07-16 22:16:30.346  2623-2623  BoundBrokerSvc          com.google.android.gms               D  Loading bound service for intent: Intent { act=com.google.firebase.dynamiclinks.service.START xflg=0x4 pkg=com.google.android.gms }
2025-07-16 22:16:30.349  2326-2364  WindowManagerShell      com.android.systemui                 D  onKeepClearAreasChanged: restricted={}, unrestricted={Rect(0, 2337 - 1080, 2400)}
2025-07-16 22:16:30.351  1537-1537  WindowMetr...tification com...gle.android.inputmethod.latin  I  WindowMetricsNotification.notifyWithWindow():166 
2025-07-16 22:16:30.351  1537-1537  WindowMetr...tification com...gle.android.inputmethod.latin  I  WindowMetricsNotification.notify():159 mub[bounds=Rect(0, 63 - 1080, 2400), insets=Rect(0, 0 - 0, 63), densityDpi=420, smallestScreenWidthDp=411, displayWidth=1080, displayHeight=2400, xdpi=420.0, ydpi=420.0, isTrustable=true, displayId=0]; DisplayMetrics{density=2.625, width=1080, height=2400, scaledDensity=2.625, xdpi=420.0, ydpi=420.0}
2025-07-16 22:16:30.353  2326-2364  WindowManagerShell      com.android.systemui                 D  onKeepClearAreasChanged: restricted={}, unrestricted={Rect(0, 2337 - 1080, 2400)}
2025-07-16 22:16:30.368  2484-2484  BoundBrokerSvc          com.google.android.gms.persistent    D  onRebind: Intent { act=com.google.android.gms.auth.aang.events.services.START dat=chimera-action:/... xflg=0x4 cmp=com.google.android.gms/.chimera.PersistentApiService }
2025-07-16 22:16:30.393  1537-1537  GoogleInpu...hodService com...gle.android.inputmethod.latin  I  GoogleInputMethodService$1.onKeyboardViewShown():312 onKeyboardViewShown: keyboardType=accessory, keyboardViewType=HEADER keyboardView=null
2025-07-16 22:16:30.393  1537-1537  GoogleInpu...hodService com...gle.android.inputmethod.latin  I  GoogleInputMethodService$1.onKeyboardViewShown():312 onKeyboardViewShown: keyboardType=accessory, keyboardViewType=BODY keyboardView=null
2025-07-16 22:16:30.394  1537-1537  ProactiveU...rExtension com...gle.android.inputmethod.latin  I  ProactiveUndoTriggerExtension.eventConsumer$lambda$0():125 kyp{intention=null, keyCode=-10188, SET_KEYBOARD_LAYOUT, data=# qsn@e6cdb659}
2025-07-16 22:16:30.403  1537-2135  Delight5Decoder         com...gle.android.inputmethod.latin  I  Delight5DecoderWrapper.setKeyboardLayout():521 setKeyboardLayout()
2025-07-16 22:16:30.410 11487-11558 InteractionJankMonitor  com.zsolutions.peerlinkyz            W  Initializing without READ_DEVICE_CONFIG permission. enabled=false, interval=1, missedFrameThreshold=3, frameTimeThreshold=64, package=com.zsolutions.peerlinkyz
2025-07-16 22:16:30.429  2623-2623  BoundBrokerSvc          com.google.android.gms               D  onBind: Intent { act=com.google.android.gms.common.BIND_SHARED_PREFS xflg=0x4 pkg=com.google.android.gms }
2025-07-16 22:16:30.429  2623-2623  BoundBrokerSvc          com.google.android.gms               D  Loading bound service for intent: Intent { act=com.google.android.gms.common.BIND_SHARED_PREFS xflg=0x4 pkg=com.google.android.gms }
2025-07-16 22:16:30.437  1537-1537  TooltipLifecycleManager com...gle.android.inputmethod.latin  W  TooltipLifecycleManager.dismissTooltips():154 Tooltip with id spell_check_add_to_dictionary not found in tooltipManager.
2025-07-16 22:16:30.608   783-1804  TaskPersister           system_server                        E  File error accessing recents directory (directory doesn't exist?).
2025-07-16 22:16:30.626   489-2468  android.ha...mpl.ranchu android.hardware.audio.service       D  threadLoop: entering standby, frames: 15675904
2025-07-16 22:16:30.626   489-2468  android.ha...mpl.ranchu android.hardware.audio.service       D  ~TinyalsaSink: stopping PCM stream
2025-07-16 22:16:30.630   489-2468  android.ha...mpl.ranchu android.hardware.audio.service       D  ~TinyalsaSink: joining consumeThread
2025-07-16 22:16:30.630   489-11537 android.ha...mpl.ranchu android.hardware.audio.service       D  consumeThread: exiting
2025-07-16 22:16:30.631 11487-11487 ImeTracker              com.zsolutions.peerlinkyz            I  com.zsolutions.peerlinkyz:799e2b88: onShown
2025-07-16 22:16:30.871   783-1920  NotificationService     system_server                        W  Toast already killed. pkg=com.zsolutions.peerlinkyz token=android.os.BinderProxy@ceebdf0
2025-07-16 22:16:31.860  1537-1537  AccessoryI...odeManager com...gle.android.inputmethod.latin  I  AccessoryInputModeManager.onModeStarted():322 Accessory input mode started: PK
2025-07-16 22:16:31.879  1537-1537  WidgetView...ionHandler com...gle.android.inputmethod.latin  I  WidgetViewShowingPositionHandler.updateAvailableArea():194 update available area Rect(21, 84 - 1059, 2333)
2025-07-16 22:16:31.883  1537-1537  HardKeyTracker          com...gle.android.inputmethod.latin  I  HardKeyTracker.registerKeySequence():138 Register key sequence lsr{labelResId=2132020170, callback=cbb@555bdc4, lastModifier=2, keyCodes=[32], actions=[0]}
2025-07-16 22:16:31.883  1537-1537  ProactiveU...rExtension com...gle.android.inputmethod.latin  I  ProactiveUndoTriggerExtension.eventConsumer$lambda$0():125 kyp{intention=null, keyCode=-10159, ACTIVATE_SUPPLEMENTARY_KEYBOARD, data=accessory_candidates_consumer}
2025-07-16 22:16:31.884  1537-1537  NotificationCenter      com...gle.android.inputmethod.latin  W  NotificationCenter$NotificationQueue.notifyPendingNotificationsOnExecutor():877 Heavy notify work detected on UI thread: [ikh->iik] takes 24ms
2025-07-16 22:16:31.884  1537-1537  ProactiveU...rExtension com...gle.android.inputmethod.latin  I  ProactiveUndoTriggerExtension.eventConsumer$lambda$0():125 kyp{intention=DECODE, keyCode=39, K, data=k}
2025-07-16 22:16:31.885  1537-1537  Delight5Decoder         com...gle.android.inputmethod.latin  I  Delight5DecoderWrapper.setKeyboardLayout():521 setKeyboardLayout()
2025-07-16 22:16:31.887  1537-1537  ProactiveU...rExtension com...gle.android.inputmethod.latin  I  ProactiveUndoTriggerExtension.eventConsumer$lambda$0():125 kyp{intention=null, keyCode=-10188, SET_KEYBOARD_LAYOUT, data=# qsn@d7525947}
2025-07-16 22:16:31.898   783-1080  Background...rolService system_server                        D  Package event received: 0
2025-07-16 22:16:31.901  1537-1537  AndroidSpe...kerService com...gle.android.inputmethod.latin  W  AndroidSpellCheckerService.initialize():73 initialize...
2025-07-16 22:16:31.901  1537-1537  ShortcutsDataManager    com...gle.android.inputmethod.latin  I  ShortcutsDataManager.onContentChanged():72 onContentChanged()
2025-07-16 22:16:31.902  1537-1537  ContactsDataManager     com...gle.android.inputmethod.latin  I  ContactsDataManager.onContentChanged():153 onContentChanged()
2025-07-16 22:16:31.902  1537-1537  AndroidSpe...kerService com...gle.android.inputmethod.latin  W  AndroidSpellCheckerService.initialize():83 initialize...done
2025-07-16 22:16:31.906  1537-1800  AndroidSpe...kerService com...gle.android.inputmethod.latin  I  AndroidSpellCheckerService.createSession():139 com.google.android.keyboard.client.delight5.LanguageIdentifier@3061ff4 is created
2025-07-16 22:16:31.924  1537-1537  ProactiveU...rExtension com...gle.android.inputmethod.latin  I  ProactiveUndoTriggerExtension.eventConsumer$lambda$0():125 kyp{intention=DECODE, keyCode=39, K, data=k}
2025-07-16 22:16:31.988  1537-1537  ProactiveU...rExtension com...gle.android.inputmethod.latin  I  ProactiveUndoTriggerExtension.eventConsumer$lambda$0():125 kyp{intention=DECODE, keyCode=38, J, data=j}
2025-07-16 22:16:31.991  1537-1537  ProactiveU...rExtension com...gle.android.inputmethod.latin  I  ProactiveUndoTriggerExtension.eventConsumer$lambda$0():125 kyp{intention=DECODE, keyCode=38, J, data=j}
2025-07-16 22:16:32.007  1537-2135  native                  com...gle.android.inputmethod.latin  I  I0000 00:00:1752693392.007667    2135 input-context-store.cc:268] Ignoring stale client request for FetchSuggestions
2025-07-16 22:16:32.015  1537-1537  InputContextProxy       com...gle.android.inputmethod.latin  W  InputContextProxy.applyClientDiffInternal():957 Ignore [FetchSuggestions] diff due to stale request: 396<398, inputStateId=333, lastInputStateId=333
2025-07-16 22:16:32.233  1537-1537  ProactiveU...rExtension com...gle.android.inputmethod.latin  I  ProactiveUndoTriggerExtension.eventConsumer$lambda$0():125 kyp{intention=DECODE, keyCode=39, K, data=k}
2025-07-16 22:16:32.255  1537-1537  ProactiveU...rExtension com...gle.android.inputmethod.latin  I  ProactiveUndoTriggerExtension.eventConsumer$lambda$0():125 kyp{intention=DECODE, keyCode=39, K, data=k}
2025-07-16 22:16:32.323  1537-1537  ProactiveU...rExtension com...gle.android.inputmethod.latin  I  ProactiveUndoTriggerExtension.eventConsumer$lambda$0():125 kyp{intention=DECODE, keyCode=38, J, data=j}
2025-07-16 22:16:32.331  1537-1537  ProactiveU...rExtension com...gle.android.inputmethod.latin  I  ProactiveUndoTriggerExtension.eventConsumer$lambda$0():125 kyp{intention=DECODE, keyCode=38, J, data=j}
2025-07-16 22:16:32.445  1537-1537  KeyboardViewController  com...gle.android.inputmethod.latin  I  KeyboardViewController.onKeyboardViewDetached():1392 the keyboard view accessory WIDGET com.google.android.libraries.inputmethod.companionwidget.widget.WidgetSoftKeyboardView{199af4c G.E...C.. ......ID 0,0-148,556} is detaching is not the one saved com.google.android.libraries.inputmethod.companionwidget.widget.WidgetSoftKeyboardView{2a0fb95 V.E...C.. ........ 0,0-148,146}
2025-07-16 22:16:33.192  1537-1537  ProactiveU...rExtension com...gle.android.inputmethod.latin  I  ProactiveUndoTriggerExtension.eventConsumer$lambda$0():125 kyp{intention=DECODE, keyCode=66, ENTER, data=
                                                                                                    }
2025-07-16 22:16:33.194  1537-1537  ProactiveU...rExtension com...gle.android.inputmethod.latin  I  ProactiveUndoTriggerExtension.eventConsumer$lambda$0():125 kyp{intention=DECODE, keyCode=66, ENTER, data=
                                                                                                    }
2025-07-16 22:16:33.196  1537-1537  ProactiveU...rExtension com...gle.android.inputmethod.latin  I  ProactiveUndoTriggerExtension.eventConsumer$lambda$0():125 kyp{intention=DECODE, keyCode=66, ENTER, data=
                                                                                                    }
2025-07-16 22:16:33.429  1537-1537  ProactiveU...rExtension com...gle.android.inputmethod.latin  I  ProactiveUndoTriggerExtension.eventConsumer$lambda$0():125 kyp{intention=null, keyCode=-10181, UNIVERSAL_DICTATION_NO_PUNCTUATION, data=false}
2025-07-16 22:16:33.430  1537-1537  ProactiveU...rExtension com...gle.android.inputmethod.latin  I  ProactiveUndoTriggerExtension.eventConsumer$lambda$0():125 kyp{intention=null, keyCode=-20001, ENABLE_GESTURE_TYPING, data=null}
2025-07-16 22:16:33.432  1537-1537  ProactiveU...rExtension com...gle.android.inputmethod.latin  I  ProactiveUndoTriggerExtension.eventConsumer$lambda$0():125 kyp{intention=null, keyCode=-10126, INPUT_SELECTION_CHANGED, data=null}
2025-07-16 22:16:35.335  2484-2606  IPCThreadState          com.google.android.gms.persistent    I  oneway function results for code 1 on binder at 0x7e27660cad90 will be dropped but finished with status UNKNOWN_TRANSACTION and reply parcel size 80
2025-07-16 22:16:35.834  1115-1115  wpa_supplicant          wpa_supplicant                       I  wlan0: CTRL-EVENT-BEACON-LOSS 
2025-07-16 22:16:36.629  1279-1501  SatelliteController     com.android.phone                    D  iisInCarrierRoamingNbIotNtn: satellite is disabled
2025-07-16 22:16:37.865   255-11540 keystore2               keystore2                            I  system/security/keystore2/watchdog/src/lib.rs:377 - Watchdog thread idle -> terminating. Have a great day.
2025-07-16 22:16:43.774  1115-1115  wpa_supplicant          wpa_supplicant                       I  wlan0: CTRL-EVENT-BEACON-LOSS 
2025-07-16 22:16:45.373   783-1923  ProcessStats            system_server                        W  Tracking association SourceState{6de757e com.google.android.inputmethod.latin/10159 BFgs #9527} whose proc state 4 is better than process ProcessState{92b6aa2 com.google.android.gms/10148 pkg=com.google.android.gms} proc state 15 (61 skipped)
2025-07-16 22:16:45.373  2623-2623  BoundBrokerSvc          com.google.android.gms               D  onUnbind: Intent { act=com.google.android.mdd.service.START dat=chimera-action:/... xflg=0x4 cmp=com.google.android.gms/.chimera.GmsBoundBrokerService }
2025-07-16 22:16:45.384  2623-2623  BoundBrokerSvc          com.google.android.gms               D  onUnbind: Intent { act=com.google.android.gms.wallet.service.BIND xflg=0x4 pkg=com.google.android.gms }
2025-07-16 22:16:45.409  2484-2484  BoundBrokerSvc          com.google.android.gms.persistent    D  onUnbind: Intent { act=com.google.android.gms.auth.aang.events.services.START dat=chimera-action:/... xflg=0x4 cmp=com.google.android.gms/.chimera.PersistentApiService }
2025-07-16 22:16:45.478  2623-2623  BoundBrokerSvc          com.google.android.gms               D  onUnbind: Intent { act=com.google.firebase.dynamiclinks.service.START xflg=0x4 pkg=com.google.android.gms }
2025-07-16 22:16:46.083  1728-2173  bbax                    com...oglequicksearchbox:interactor  I  (REDACTED) getHotwordActive::active query: %s, watch: %s, devices connected: %s
2025-07-16 22:16:46.329  2484-2484  BoundBrokerSvc          com.google.android.gms.persistent    D  onUnbind: Intent { act=com.google.android.gms.libs.gmscorelogger.service.START dat=chimera-action:/... xflg=0x4 cmp=com.google.android.gms/.chimera.PersistentDirectBootAwareApiService }
2025-07-16 22:16:46.628  1279-1501  SatelliteController     com.android.phone                    D  iisInCarrierRoamingNbIotNtn: satellite is disabled
2025-07-16 22:16:48.128   783-2324  ActivityManager         system_server                        I  Force stopping com.zsolutions.peerlinkyz appid=10237 user=0: from pid 11563
2025-07-16 22:16:48.131   783-2324  ActivityManager         system_server                        I  Killing 11487:com.zsolutions.peerlinkyz/u0a237 (adj 0): stop com.zsolutions.peerlinkyz due to from pid 11563
2025-07-16 22:16:48.133   783-1016  InetDiagMessage         system_server                        D  Destroyed 0 sockets, proto=IPPROTO_TCP, family=AF_INET, states=14
2025-07-16 22:16:48.133   783-1016  InetDiagMessage         system_server                        D  Destroyed 0 sockets, proto=IPPROTO_TCP, family=AF_INET6, states=14
2025-07-16 22:16:48.133   783-1016  InetDiagMessage         system_server                        D  Destroyed live tcp sockets for uids={10237} in 1ms
2025-07-16 22:16:48.134   783-1016  InetDiagMessage         system_server                        D  Destroyed 0 sockets, proto=IPPROTO_TCP, family=AF_INET, states=14
2025-07-16 22:16:48.134   783-1016  InetDiagMessage         system_server                        D  Destroyed 0 sockets, proto=IPPROTO_TCP, family=AF_INET6, states=14
2025-07-16 22:16:48.134   783-1016  InetDiagMessage         system_server                        D  Destroyed live tcp sockets for uids={20237} in 2ms
2025-07-16 22:16:48.134   783-2324  ActivityTaskManager     system_server                        W  Force removing ActivityRecord{124113202 u0 com.zsolutions.peerlinkyz/.ChatActivity t126 f}}: app died, no saved state
2025-07-16 22:16:48.135  2326-2364  WindowManagerShell      com.android.systemui                 V  Transition requested (#173): android.os.BinderProxy@41ae855 TransitionRequestInfo { type = CLOSE, triggerTask = null, pipChange = null, remoteTransition = null, displayChange = null, flags = 0, debugId = 173 }
2025-07-16 22:16:48.137   783-2324  ActivityTaskManager     system_server                        W  Force removing ActivityRecord{162206365 u0 com.zsolutions.peerlinkyz/.MainActivity t126 f}}: app died, no saved state
2025-07-16 22:16:48.139   542-587   BpBinder                surfaceflinger                       I  onLastStrongRef automatically unlinking death recipients: 
2025-07-16 22:16:48.139   783-933   UsageStatsService       system_server                        W  Unexpected activity event reported! (com.zsolutions.peerlinkyz/com.zsolutions.peerlinkyz.MainActivity event : 23 instanceId : 93530851)
2025-07-16 22:16:48.141   783-1080  Background...rolService system_server                        D  Package event received: 0
2025-07-16 22:16:48.143  1286-1286  ViewRootImpl            com...le.android.apps.nexuslauncher  D  Skipping stats log for color mode
2025-07-16 22:16:48.144   783-2324  IPCThreadState          system_server                        W  Sending oneway calls to frozen process.
2025-07-16 22:16:48.145   783-2324  IPCThreadState          system_server                        W  Sending oneway calls to frozen process.
2025-07-16 22:16:48.146   783-2324  IPCThreadState          system_server                        W  Sending oneway calls to frozen process.
2025-07-16 22:16:48.146   783-2324  IPCThreadState          system_server                        W  Sending oneway calls to frozen process.
2025-07-16 22:16:48.146   783-2324  IPCThreadState          system_server                        W  Sending oneway calls to frozen process.
2025-07-16 22:16:48.146  2326-2364  WindowManagerShell      com.android.systemui                 D  onKeepClearAreasChanged: restricted={}, unrestricted={}
2025-07-16 22:16:48.146   783-2324  IPCThreadState          system_server                        W  Sending oneway calls to frozen process.
2025-07-16 22:16:48.146   783-2324  IPCThreadState          system_server                        W  Sending oneway calls to frozen process.
2025-07-16 22:16:48.146   783-2324  IPCThreadState          system_server                        W  Sending oneway calls to frozen process.
2025-07-16 22:16:48.146   783-2324  IPCThreadState          system_server                        W  Sending oneway calls to frozen process.
2025-07-16 22:16:48.146   783-2324  IPCThreadState          system_server                        W  Sending oneway calls to frozen process.
2025-07-16 22:16:48.146   783-2324  IPCThreadState          system_server                        W  Sending oneway calls to frozen process.
2025-07-16 22:16:48.147   783-2324  IPCThreadState          system_server                        W  Sending oneway calls to frozen process.
2025-07-16 22:16:48.147   783-2324  IPCThreadState          system_server                        W  Sending oneway calls to frozen process.
2025-07-16 22:16:48.147   783-2324  IPCThreadState          system_server                        W  Sending oneway calls to frozen process.
2025-07-16 22:16:48.147   783-2324  IPCThreadState          system_server                        W  Sending oneway calls to frozen process.
2025-07-16 22:16:48.147   783-2324  IPCThreadState          system_server                        W  Sending oneway calls to frozen process.
2025-07-16 22:16:48.147   783-2324  IPCThreadState          system_server                        W  Sending oneway calls to frozen process.
2025-07-16 22:16:48.147   783-2324  IPCThreadState          system_server                        W  Sending oneway calls to frozen process.
2025-07-16 22:16:48.147   783-2324  IPCThreadState          system_server                        W  Sending oneway calls to frozen process.
2025-07-16 22:16:48.147   783-2324  IPCThreadState          system_server                        W  Sending oneway calls to frozen process.
2025-07-16 22:16:48.150   783-2324  AppsFilter              system_server                        I  interaction: PackageSetting{9fb8cc6 com.android.microdroid.empty_payload/10202} -> PackageSetting{e6fb14c com.zsolutions.peerlinkyz/10237} BLOCKED
2025-07-16 22:16:48.150   783-2324  AppsFilter              system_server                        I  interaction: PackageSetting{dee17dd com.zsolutions.securechat/10217} -> PackageSetting{e6fb14c com.zsolutions.peerlinkyz/10237} BLOCKED
2025-07-16 22:16:48.150  1286-1286  NexusLaunc...elDelegate com...le.android.apps.nexuslauncher  D  notifySmartspaceEvent: SmartspaceTargetEvent{mSmartspaceTarget=null, mSmartspaceActionId='null', mEventType=6}
2025-07-16 22:16:48.155  2326-2364  WindowManagerShell      com.android.systemui                 D  setLauncherKeepClearAreaHeight: visible=true, height=527
2025-07-16 22:16:48.156   783-1080  Background...rolService system_server                        D  Package event received: 0
2025-07-16 22:16:48.157   783-1080  Background...rolService system_server                        D  Package event received: 0
2025-07-16 22:16:48.161   542-542   BpBinder                surfaceflinger                       I  onLastStrongRef automatically unlinking death recipients: 
2025-07-16 22:16:48.168  1279-1279  CarrierSvcBindHelper    com.android.phone                    D  onHandleForceStop: [com.zsolutions.peerlinkyz]
2025-07-16 22:16:48.174  1279-1279  CarrierSvcBindHelper    com.android.phone                    D  No carrier app for: 0
2025-07-16 22:16:48.191  2326-2364  WindowManagerShell      com.android.systemui                 D  onKeepClearAreasChanged: restricted={}, unrestricted={Rect(0, 2337 - 1080, 2400)}
2025-07-16 22:16:48.193  1286-1286  BaseDepthController     com...le.android.apps.nexuslauncher  D  setSurface:
                                                                                                    	mWaitingOnSurfaceValidity: false
                                                                                                    	mBaseSurface: Surface(name=com.google.android.apps.nexuslauncher/com.google.android.apps.nexuslauncher.NexusLauncherActivity)/@0xdadd47d
2025-07-16 22:16:48.195   783-832   ImeTracker              system_server                        I  system_server:18077705: onRequestShow at ORIGIN_SERVER reason CONTROLS_CHANGED fromUser false
2025-07-16 22:16:48.219   559-559   adbd                    adbd                                 I  Remote process closed the socket (on MSG_PEEK)
2025-07-16 22:16:48.222   783-1208  ActivityManager         system_server                        V  Got obituary of 11487:com.zsolutions.peerlinkyz
---------------------------- PROCESS ENDED (11487) for package com.zsolutions.peerlinkyz ----------------------------
2025-07-16 22:16:48.226   783-1192  WindowManager           system_server                        I  WIN DEATH: Window{a357fdf u0 com.zsolutions.peerlinkyz/com.zsolutions.peerlinkyz.ChatActivity}
2025-07-16 22:16:48.227   783-1836  ImeTracker              system_server                        I  com.zsolutions.peerlinkyz:b2149441: onRequestHide at ORIGIN_SERVER reason HIDE_REMOVE_CLIENT fromUser false
2025-07-16 22:16:48.228   783-1192  WindowManager           system_server                        I  WIN DEATH: Window{d4fe5ed u0 com.zsolutions.peerlinkyz/com.zsolutions.peerlinkyz.MainActivity}
2025-07-16 22:16:48.233   783-844   libprocessgroup         system_server                        I  Removed cgroup /sys/fs/cgroup/apps/uid_10237/pid_11487
2025-07-16 22:16:48.234   481-481   Zygote                  zygote64                             I  Process 11487 exited due to signal 9 (Killed)
2025-07-16 22:16:48.236  1537-1537  GoogleInpu...hodService com...gle.android.inputmethod.latin  I  GoogleInputMethodService.onFinishInputView():1524 
2025-07-16 22:16:48.237  1537-1537  GlobeKeyExtension       com...gle.android.inputmethod.latin  I  GlobeKeyExtension.onDeactivate():104 
2025-07-16 22:16:48.238  1537-1537  VoiceInput...gerWrapper com...gle.android.inputmethod.latin  I  VoiceInputManagerWrapper.shutdown():122 shutdown()
2025-07-16 22:16:48.238  1537-1537  ExtensionWrapper        com...gle.android.inputmethod.latin  W  ExtensionWrapper.setAllowUpdateNavigationBarStyle():810 class iio is not activate
2025-07-16 22:16:48.241  1537-1537  ExtensionWrapper        com...gle.android.inputmethod.latin  W  ExtensionWrapper.setAllowUpdateNavigationBarStyle():810 class iio is not activate
2025-07-16 22:16:48.242  1537-1537  TooltipLifecycleManager com...gle.android.inputmethod.latin  W  TooltipLifecycleManager.dismissTooltips():154 Tooltip with id spell_check_add_to_dictionary not found in tooltipManager.
2025-07-16 22:16:48.243  1537-1537  InputBundle             com...gle.android.inputmethod.latin  I  InputBundle.consumeEvent():949 Skip consuming an event as keyboard status is 0
2025-07-16 22:16:48.246  1537-1537  AndroidIME              com...gle.android.inputmethod.latin  I  AbstractIme.onDeactivate():203 LatinIme.onDeactivate()
2025-07-16 22:16:48.253   783-831   ActivityManager         system_server                        W  setHasOverlayUi called on unknown pid: 11487
2025-07-16 22:16:48.255  1537-1537  IPCThreadState          com...gle.android.inputmethod.latin  E  Binder transaction failure. id: 1300972, BR_*: 29189, error: -22 (Invalid argument)
2025-07-16 22:16:48.256  1537-1537  ImeTracker              com...gle.android.inputmethod.latin  I  com.zsolutions.peerlinkyz:b2149441: onHidden
2025-07-16 22:16:48.257   783-2319  ActivityManager         system_server                        W  pid 1537 com.google.android.inputmethod.latin sent binder code 1 with flags 1 to frozen apps and got error -32
2025-07-16 22:16:48.267  1286-1286  StatsLog                com...le.android.apps.nexuslauncher  D  LAUNCHER_ONRESUME
2025-07-16 22:16:48.285  1286-1286  NotificationListener    com...le.android.apps.nexuslauncher  I  Handling notification state refresh for com.android.systemui#0
2025-07-16 22:16:48.285  1286-1286  NotificationListener    com...le.android.apps.nexuslauncher  I  Handling notification state refresh for android#0
2025-07-16 22:16:48.285  1286-1286  NotificationListener    com...le.android.apps.nexuslauncher  I  Handling notification state refresh for com.google.android.gms#0
2025-07-16 22:16:48.287  2326-2364  WindowManagerShell      com.android.systemui                 D  onKeepClearAreasChanged: restricted={}, unrestricted={Rect(0, 2337 - 1080, 2400)}
2025-07-16 22:16:48.288  1286-1350  QuickstepModelDelegate  com...le.android.apps.nexuslauncher  D  notifyAppTargetEvent action=1 launchLocation=workspace/0/[-1,-1]/[1,1]
2025-07-16 22:16:48.295  2326-6900  WindowManagerShell      com.android.systemui                 V  onTransitionReady(transaction=3362959401225)
2025-07-16 22:16:48.295  2326-2364  WindowManagerShell      com.android.systemui                 V  onTransitionReady (#173) android.os.BinderProxy@41ae855: {id=173 t=CLOSE f=0x0 trk=0 r=[0@Point(0, 0)] c=[
                                                                                                            {m=TO_FRONT f=SHOW_WALLPAPER|MOVE_TO_TOP leash=Surface(name=Task=1)/@0x272835b sb=Rect(0, 0 - 1080, 2400) eb=Rect(0, 0 - 1080, 2400) epz=Point(1080, 2400) d=0 taskParent=-1},
                                                                                                            {m=TO_BACK f=NONE leash=Surface(name=Task=126)/@0x229d7f8 sb=Rect(0, 0 - 1080, 2400) eb=Rect(0, 0 - 1080, 2400) epz=Point(1080, 2400) d=0 taskParent=-1},
                                                                                                            {m=TO_FRONT f=IS_WALLPAPER leash=Surface(name=WallpaperWindowToken{a00227d showWhenLocked=false})/@0xd6eb4d1 sb=Rect(0, 0 - 1080, 2400) eb=Rect(0, 0 - 1080, 2400) epz=Point(1080, 2400) d=0}
                                                                                                        ]}
2025-07-16 22:16:48.296  2326-2364  WindowManagerShell      com.android.systemui                 V  Playing animation for (#173) android.os.BinderProxy@41ae855@0
2025-07-16 22:16:48.297  2587-2708  AiAiEcho                com.google.android.as                I  Predicting[0]:  [CONTEXT sampling_count=5 ]
2025-07-16 22:16:48.297  2326-2364  ShellRecents            com.android.systemui                 V  RecentsTransitionHandler.startAnimation: no controller found
2025-07-16 22:16:48.298  2587-2708  AiAiEcho                com.google.android.as                I  EchoTargets: 
                                                                                                    Filtered by AiAi flag check: 
                                                                                                    [CONTEXT ratelimit_period="10 SECONDS" ]
2025-07-16 22:16:48.298  2326-2364  WindowManagerShell      com.android.systemui                 V  Transition doesn't have explicit remote, search filters for match for {id=173 t=CLOSE f=0x0 trk=0 r=[0@Point(0, 0)] c=[{m=TO_FRONT f=SHOW_WALLPAPER|MOVE_TO_TOP leash=Surface(name=Task=1)/@0x272835b sb=Rect(0, 0 - 1080, 2400) eb=Rect(0, 0 - 1080, 2400) epz=Point(1080, 2400) d=0 taskParent=-1},{m=TO_BACK f=NONE leash=Surface(name=Task=126)/@0x229d7f8 sb=Rect(0, 0 - 1080, 2400) eb=Rect(0, 0 - 1080, 2400) epz=Point(1080, 2400) d=0 taskParent=-1},{m=TO_FRONT f=IS_WALLPAPER leash=Surface(name=WallpaperWindowToken{a00227d showWhenLocked=false})/@0xd6eb4d1 sb=Rect(0, 0 - 1080, 2400) eb=Rect(0, 0 - 1080, 2400) epz=Point(1080, 2400) d=0}]}
2025-07-16 22:16:48.299  2326-2364  WindowManagerShell      com.android.systemui                 V   Checking filter Pair{{types=[] flags=0x0] notFlags=0x0 checks=[{atype=undefined independent=true modes=[CLOSE,TO_BACK] flags=IN_TASK_WITH_EMBEDDED_ACTIVITY mustBeTask=false order=ANY topActivity=null launchCookie=null taskFragmentToken=android.os.BinderProxy@2e326c7 windowingMode=undefined}]} RemoteTransition { remoteTransition = android.window.IRemoteTransition$Stub$Proxy@57254f4, appThread = android.app.IApplicationThread$Stub$Proxy@48b41d, debugName = overlayBackTransition }}
2025-07-16 22:16:48.299  2587-2708  AiAiEcho                com.google.android.as                I  #remoteViewsTwiddler: feature disabled.
2025-07-16 22:16:48.299  2326-2364  WindowManagerShell      com.android.systemui                 V   Checking filter Pair{{types=[] flags=0x0] notFlags=0x0 checks=[{atype=dream independent=true modes=[OPEN,TO_FRONT] flags=NONE mustBeTask=false order=ANY topActivity=null launchCookie=null windowingMode=undefined},{atype=home independent=true modes=[CLOSE,TO_BACK] flags=NONE mustBeTask=false order=ANY topActivity=null launchCookie=null windowingMode=undefined}]} RemoteTransition { remoteTransition = android.window.IRemoteTransition$Stub$Proxy@143b692, appThread = android.app.IApplicationThread$Stub$Proxy@2616863, debugName = LauncherToDream }}
2025-07-16 22:16:48.299  2326-2364  WindowManagerShell      com.android.systemui                 V   Checking filter Pair{{types=[] flags=0x0] notFlags=0x100 checks=[{atype=home independent=true modes=[OPEN,TO_FRONT] flags=NONE mustBeTask=false order=TOP topActivity=ComponentInfo{com.google.android.apps.nexuslauncher/com.google.android.apps.nexuslauncher.NexusLauncherActivity} launchCookie=null windowingMode=undefined},{atype=standard independent=true modes=[CLOSE,TO_BACK] flags=NONE mustBeTask=false order=ANY topActivity=null launchCookie=null windowingMode=undefined},{NOT atype=undefined independent=true modes=[] flags=NONE mustBeTask=true order=ANY topActivity=null launchCookie=null customAnim=true windowingMode=undefined}]} RemoteTransition { remoteTransition = android.window.IRemoteTransition$Stub$Proxy@d9cc60, appThread = android.app.IApplicationThread$Stub$Proxy@b417519, debugName = QuickstepLaunchHome }}
2025-07-16 22:16:48.301  2326-2364  RemoteTransitionHandler com.android.systemui                 D  Found filterPair{{types=[] flags=0x0] notFlags=0x100 checks=[{atype=home independent=true modes=[OPEN,TO_FRONT] flags=NONE mustBeTask=false order=TOP topActivity=ComponentInfo{com.google.android.apps.nexuslauncher/com.google.android.apps.nexuslauncher.NexusLauncherActivity} launchCookie=null windowingMode=undefined},{atype=standard independent=true modes=[CLOSE,TO_BACK] flags=NONE mustBeTask=false order=ANY topActivity=null launchCookie=null windowingMode=undefined},{NOT atype=undefined independent=true modes=[] flags=NONE mustBeTask=true order=ANY topActivity=null launchCookie=null customAnim=true windowingMode=undefined}]} RemoteTransition { remoteTransition = android.window.IRemoteTransition$Stub$Proxy@d9cc60, appThread = android.app.IApplicationThread$Stub$Proxy@b417519, debugName = QuickstepLaunchHome }}
2025-07-16 22:16:48.301  2326-2364  WindowManagerShell      com.android.systemui                 V   Delegate animation for (#173) to RemoteTransition { remoteTransition = android.window.IRemoteTransition$Stub$Proxy@d9cc60, appThread = android.app.IApplicationThread$Stub$Proxy@b417519, debugName = QuickstepLaunchHome }
2025-07-16 22:16:48.301  2587-2708  AiAiEcho                com.google.android.as                I  #postPredictionTargets: Sending updates to UISurface home with targets# 0 (types=[])
2025-07-16 22:16:48.306  1286-1286  SsBaseTemplateCard      com...le.android.apps.nexuslauncher  D  No text view can be set up
2025-07-16 22:16:48.306  1286-1286  SsBaseTemplateCard      com...le.android.apps.nexuslauncher  D  Passed-in item info is null
2025-07-16 22:16:48.306  1286-1286  SsBaseTemplateCard      com...le.android.apps.nexuslauncher  D  Passed-in item info is null
2025-07-16 22:16:48.306  1286-1286  SsBaseTemplateCard      com...le.android.apps.nexuslauncher  D  Passed-in item info is null
2025-07-16 22:16:48.306  1286-1286  SsBaseTemplateCard      com...le.android.apps.nexuslauncher  I  Secondary card pane is null
2025-07-16 22:16:48.314  1286-1286  StateManager            com...le.android.apps.nexuslauncher  D  createAtomicAnimation - fromState: Background, toState: Normal, partial trace: (Ask Gemini)
                                                                                                    	at com.android.quickstep.util.ScalingWorkspaceRevealAnim.<init>(go/retraceme ee19ec8c009da7af1d458e7d1683a6f5bf3b93b44f6674aa108e1a3e78584fe0:39)
