2025-07-16 22:19:42.080   783-2315  AppsFilter              system_server                        I  interaction: PackageSetting{9fb8cc6 com.android.microdroid.empty_payload/10202} -> PackageSetting{728dbb6 com.zsolutions.peerlinkyz/10237} BLOCKED
2025-07-16 22:19:42.080   783-2315  AppsFilter              system_server                        I  interaction: PackageSetting{dee17dd com.zsolutions.securechat/10217} -> PackageSetting{728dbb6 com.zsolutions.peerlinkyz/10237} BLOCKED
2025-07-16 22:19:42.082   542-542   BpBinder                surfaceflinger                       I  onLastStrongRef automatically unlinking death recipients: 
2025-07-16 22:19:42.085   783-1080  Background...rolService system_server                        D  Package event received: 0
2025-07-16 22:19:42.108  2326-2364  WindowManagerShell      com.android.systemui                 D  setLauncherKeepClearAreaHeight: visible=false, height=527
2025-07-16 22:19:42.120   634-687   IPCThreadState          cameraserver                         W  Sending oneway calls to frozen process.
2025-07-16 22:19:42.121   634-687   IPCThreadState          cameraserver                         W  Sending oneway calls to frozen process.
2025-07-16 22:19:42.129   481-481   Zygote                  zygote64                             D  Forked child process 11601
2025-07-16 22:19:42.130   783-843   ActivityManager         system_server                        W  Slow operation: 58ms so far, now at startProcess: returned from zygote!
2025-07-16 22:19:42.131   783-843   ActivityManager         system_server                        W  Slow operation: 59ms so far, now at startProcess: done updating battery stats
2025-07-16 22:19:42.131   783-843   ActivityManager         system_server                        W  Slow operation: 59ms so far, now at startProcess: building log message
2025-07-16 22:19:42.131   783-843   ActivityManager         system_server                        I  Start proc 11601:com.zsolutions.peerlinkyz/u0a237 for next-top-activity {com.zsolutions.peerlinkyz/com.zsolutions.peerlinkyz.MainActivity}
2025-07-16 22:19:42.131   783-843   ActivityManager         system_server                        W  Slow operation: 59ms so far, now at startProcess: starting to update pids map
2025-07-16 22:19:42.138   783-843   ActivityManager         system_server                        I  ProcessObserver broadcast disabled
2025-07-16 22:19:42.139   783-843   ActivityManager         system_server                        W  Slow operation: 67ms so far, now at startProcess: done updating pids map
2025-07-16 22:19:42.168 11601-11601 ions.peerlinkyz         zygote64                             I  Late-enabling -Xcheck:jni
2025-07-16 22:19:42.169  2326-2373  HWUI                    com.android.systemui                 W  Image decoding logging dropped!
2025-07-16 22:19:42.254 11601-11601 ions.peerlinkyz         zygote64                             I  Using CollectorTypeCMC GC.
2025-07-16 22:19:42.257 11601-11601 ions.peerlinkyz         zygote64                             W  Unexpected CPU variant for x86: x86_64.
                                                                                                    Known variants: atom, sandybridge, silvermont, goldmont, goldmont-plus, goldmont-without-sha-xsaves, tremont, kabylake, alderlake, default
2025-07-16 22:19:42.264   559-575   adbd                    adbd                                 I  jdwp connection from 11601
2025-07-16 22:19:42.317 11601-11601 nativeloader            com.zsolutions.peerlinkyz            D  Load libframework-connectivity-tiramisu-jni.so using APEX ns com_android_tethering for caller /apex/com.android.tethering/javalib/framework-connectivity-t.jar: ok
2025-07-16 22:19:42.328  2326-2473  WindowManagerShell      com.android.systemui                 V  onTransitionReady(transaction=3362959401259)
2025-07-16 22:19:42.329  2326-2364  WindowManagerShell      com.android.systemui                 V  onTransitionReady (#174) android.os.BinderProxy@505ea63: {id=174 t=OPEN f=0x0 trk=0 r=[0@Point(0, 0)] c=[
                                                                                                            {m=OPEN f=NONE leash=Surface(name=Task=127)/@0x644f6a7 sb=Rect(0, 0 - 1080, 2400) eb=Rect(0, 0 - 1080, 2400) epz=Point(1080, 2400) d=0 taskParent=-1},
                                                                                                            {m=TO_BACK f=SHOW_WALLPAPER leash=Surface(name=Task=1)/@0xaae1754 sb=Rect(0, 0 - 1080, 2400) eb=Rect(0, 0 - 1080, 2400) epz=Point(1080, 2400) d=0 taskParent=-1},
                                                                                                            {m=TO_BACK f=IS_WALLPAPER leash=Surface(name=WallpaperWindowToken{a00227d showWhenLocked=false})/@0x633b6fd sb=Rect(0, 0 - 1080, 2400) eb=Rect(0, 0 - 1080, 2400) epz=Point(1080, 2400) d=0}
                                                                                                        ]}
2025-07-16 22:19:42.329  2326-2364  WindowManagerShell      com.android.systemui                 V  Playing animation for (#174) android.os.BinderProxy@505ea63@0
2025-07-16 22:19:42.328   783-828   WindowManager           system_server                        V  Sent Transition (#174) createdAt=07-16 22:19:42.058 via request=TransitionRequestInfo { type = OPEN, triggerTask = TaskInfo{userId=0 taskId=127 effectiveUid=10237 displayId=0 isRunning=true baseIntent=Intent { act=android.intent.action.MAIN cat=[android.intent.category.LAUNCHER] flg=0x10000000 cmp=com.zsolutions.peerlinkyz/.MainActivity } baseActivity=ComponentInfo{com.zsolutions.peerlinkyz/com.zsolutions.peerlinkyz.MainActivity} topActivity=ComponentInfo{com.zsolutions.peerlinkyz/com.zsolutions.peerlinkyz.MainActivity} origActivity=null realActivity=ComponentInfo{com.zsolutions.peerlinkyz/com.zsolutions.peerlinkyz.MainActivity} numActivities=1 lastActiveTime=7757307 supportsMultiWindow=true resizeMode=1 isResizeable=true minWidth=-1 minHeight=-1 defaultMinSize=220 token=WCT{RemoteToken{aa3b5a7 Task{4edfaea #127 type=standard A=10237:com.zsolutions.peerlinkyz}}} topActivityType=1 pictureInPictureParams=null shouldDockBigOverlays=false launchIntoPipHostTaskId=-1 lastParentTaskIdBeforePip=-1 displayCutoutSafeInsets=Rect(0, 0 - 0, 0) topActivityInfo=ActivityInfo{f376a54 com.zsolutions.peerlinkyz.MainActivity} launchCookies=[] positionInParent=Point(0, 0) parentTaskId=-1 isFocused=false isVisible=false isVisibleRequested=false isTopActivityNoDisplay=false isSleeping=false locusId=null displayAreaFeatureId=1 isTopActivityTransparent=false isActivityStackTransparent=false lastNonFullscreenBounds=Rect(284, 660 - 796, 1740) capturedLink=null capturedLinkTimestamp=0 requestedVisibleTypes=-9 topActivityRequestOpenInBrowserEducationTimestamp=0 appCompatTaskInfo=AppCompatTaskInfo { topActivityInSizeCompat=false eligibleForLetterboxEducation= false isLetterboxEducationEnabled= true isLetterboxDoubleTapEnabled= false eligibleForUserAspectRatioButton= false topActivityBoundsLetterboxed= false isFromLetterboxDoubleTap= false topActivityLetterboxVerticalPosition= -1 topActivityLetterboxHorizontalPosition= -1 topActivityLetterboxWidth=-1 topActivityLetterboxHeight=-1 topActivityAppBounds=Rect(0, 0 - 1080, 2400) isUserFullscreenOverrideEnabled=false isSystemFullscreenOverrideEnabled=false hasMinAspectRatioOverride=false topActivityLetterboxBounds=null cameraCompatTaskInfo=CameraCompatTaskInfo { freeformCameraCompatMode=inactive}} topActivityMainWindowFrame=null}, pipChange = null, remoteTransition = null, displayChange = null, flags = 0, debugId = 174 }
2025-07-16 22:19:42.329   783-828   WindowManager           system_server                        V      startWCT=WindowContainerTransaction { changes= {} hops= [] errorCallbackToken=null taskFragmentOrganizer=null }
2025-07-16 22:19:42.330   783-828   WindowManager           system_server                        V      info={id=174 t=OPEN f=0x0 trk=0 r=[0@Point(0, 0)] c=[
                                                                                                            {WCT{RemoteToken{aa3b5a7 Task{4edfaea #127 type=standard A=10237:com.zsolutions.peerlinkyz}}} m=OPEN f=NONE leash=Surface(name=Task=127)/@0x87867cb sb=Rect(0, 0 - 1080, 2400) eb=Rect(0, 0 - 1080, 2400) epz=Point(1080, 2400) d=0 taskParent=-1},
                                                                                                            {WCT{RemoteToken{9326612 Task{497d648 #1 type=home}}} m=TO_BACK f=SHOW_WALLPAPER leash=Surface(name=Task=1)/@0x1c8744a sb=Rect(0, 0 - 1080, 2400) eb=Rect(0, 0 - 1080, 2400) epz=Point(1080, 2400) d=0 taskParent=-1},
                                                                                                            {m=TO_BACK f=IS_WALLPAPER leash=Surface(name=WallpaperWindowToken{a00227d showWhenLocked=false})/@0xdac1a9d sb=Rect(0, 0 - 1080, 2400) eb=Rect(0, 0 - 1080, 2400) epz=Point(1080, 2400) d=0}
                                                                                                        ]}
2025-07-16 22:19:42.330  2326-2364  ShellRecents            com.android.systemui                 V  RecentsTransitionHandler.startAnimation: no controller found
2025-07-16 22:19:42.330  2326-2364  WindowManagerShell      com.android.systemui                 V  Transition doesn't have explicit remote, search filters for match for {id=174 t=OPEN f=0x0 trk=0 r=[0@Point(0, 0)] c=[{m=OPEN f=NONE leash=Surface(name=Task=127)/@0x644f6a7 sb=Rect(0, 0 - 1080, 2400) eb=Rect(0, 0 - 1080, 2400) epz=Point(1080, 2400) d=0 taskParent=-1},{m=TO_BACK f=SHOW_WALLPAPER leash=Surface(name=Task=1)/@0xaae1754 sb=Rect(0, 0 - 1080, 2400) eb=Rect(0, 0 - 1080, 2400) epz=Point(1080, 2400) d=0 taskParent=-1},{m=TO_BACK f=IS_WALLPAPER leash=Surface(name=WallpaperWindowToken{a00227d showWhenLocked=false})/@0x633b6fd sb=Rect(0, 0 - 1080, 2400) eb=Rect(0, 0 - 1080, 2400) epz=Point(1080, 2400) d=0}]}
2025-07-16 22:19:42.331  2326-2364  WindowManagerShell      com.android.systemui                 V   Checking filter Pair{{types=[] flags=0x0] notFlags=0x0 checks=[{atype=undefined independent=true modes=[CLOSE,TO_BACK] flags=IN_TASK_WITH_EMBEDDED_ACTIVITY mustBeTask=false order=ANY topActivity=null launchCookie=null taskFragmentToken=android.os.BinderProxy@2e326c7 windowingMode=undefined}]} RemoteTransition { remoteTransition = android.window.IRemoteTransition$Stub$Proxy@57254f4, appThread = android.app.IApplicationThread$Stub$Proxy@48b41d, debugName = overlayBackTransition }}
2025-07-16 22:19:42.331  2326-2364  WindowManagerShell      com.android.systemui                 V   Checking filter Pair{{types=[] flags=0x0] notFlags=0x0 checks=[{atype=dream independent=true modes=[OPEN,TO_FRONT] flags=NONE mustBeTask=false order=ANY topActivity=null launchCookie=null windowingMode=undefined},{atype=home independent=true modes=[CLOSE,TO_BACK] flags=NONE mustBeTask=false order=ANY topActivity=null launchCookie=null windowingMode=undefined}]} RemoteTransition { remoteTransition = android.window.IRemoteTransition$Stub$Proxy@143b692, appThread = android.app.IApplicationThread$Stub$Proxy@2616863, debugName = LauncherToDream }}
2025-07-16 22:19:42.331  2326-2364  WindowManagerShell      com.android.systemui                 V   Checking filter Pair{{types=[] flags=0x0] notFlags=0x100 checks=[{atype=home independent=true modes=[OPEN,TO_FRONT] flags=NONE mustBeTask=false order=TOP topActivity=ComponentInfo{com.google.android.apps.nexuslauncher/com.google.android.apps.nexuslauncher.NexusLauncherActivity} launchCookie=null windowingMode=undefined},{atype=standard independent=true modes=[CLOSE,TO_BACK] flags=NONE mustBeTask=false order=ANY topActivity=null launchCookie=null windowingMode=undefined},{NOT atype=undefined independent=true modes=[] flags=NONE mustBeTask=true order=ANY topActivity=null launchCookie=null customAnim=true windowingMode=undefined}]} RemoteTransition { remoteTransition = android.window.IRemoteTransition$Stub$Proxy@d9cc60, appThread = android.app.IApplicationThread$Stub$Proxy@b417519, debugName = QuickstepLaunchHome }}
2025-07-16 22:19:42.331  2326-2364  WindowManagerShell      com.android.systemui                 V   Delegate animation for (#174) to null
2025-07-16 22:19:42.331  2326-2364  WindowManagerShell      com.android.systemui                 V  start default transition animation, info = {id=174 t=OPEN f=0x0 trk=0 r=[0@Point(0, 0)] c=[{m=OPEN f=NONE leash=Surface(name=Task=127)/@0x644f6a7 sb=Rect(0, 0 - 1080, 2400) eb=Rect(0, 0 - 1080, 2400) epz=Point(1080, 2400) d=0 taskParent=-1},{m=TO_BACK f=SHOW_WALLPAPER leash=Surface(name=Task=1)/@0xaae1754 sb=Rect(0, 0 - 1080, 2400) eb=Rect(0, 0 - 1080, 2400) epz=Point(1080, 2400) d=0 taskParent=-1},{m=TO_BACK f=IS_WALLPAPER leash=Surface(name=WallpaperWindowToken{a00227d showWhenLocked=false})/@0x633b6fd sb=Rect(0, 0 - 1080, 2400) eb=Rect(0, 0 - 1080, 2400) epz=Point(1080, 2400) d=0}]}
2025-07-16 22:19:42.332  2326-2364  WindowManagerShell      com.android.systemui                 V  loadAnimation: anim=android.view.animation.AnimationSet@d7f54c0 animAttr=0x13 type=OPEN isEntrance=false
2025-07-16 22:19:42.333  2326-2364  WindowManagerShell      com.android.systemui                 V  loadAnimation: anim=android.view.animation.AnimationSet@364fcec animAttr=0x12 type=OPEN isEntrance=true
2025-07-16 22:19:42.336  2326-2364  WindowManagerShell      com.android.systemui                 V   animated by com.android.wm.shell.transition.DefaultTransitionHandler@324d282
2025-07-16 22:19:42.351   783-1080  Background...rolService system_server                        D  Package event received: 0
2025-07-16 22:19:42.365 11601-11601 re-initialized>         com.zsolutions.peerlinkyz            W  type=1400 audit(0.0:2400): avc:  granted  { execute } for  path="/data/data/com.zsolutions.peerlinkyz/code_cache/startup_agents/9758b833-agent.so" dev="dm-55" ino=360484 scontext=u:r:untrusted_app:s0:c237,c256,c512,c768 tcontext=u:object_r:app_data_file:s0:c237,c256,c512,c768 tclass=file app=com.zsolutions.peerlinkyz
2025-07-16 22:19:42.379 11601-11601 nativeloader            com.zsolutions.peerlinkyz            D  Load /data/user/0/com.zsolutions.peerlinkyz/code_cache/startup_agents/9758b833-agent.so using system ns (caller=<unknown>): ok
2025-07-16 22:19:42.395 11601-11601 ions.peerlinkyz         com.zsolutions.peerlinkyz            W  hiddenapi: DexFile /data/data/com.zsolutions.peerlinkyz/code_cache/.studio/instruments-07dd17c6.jar is in boot class path but is not in a known location
2025-07-16 22:19:42.608 11601-11601 ions.peerlinkyz         com.zsolutions.peerlinkyz            W  Redefining intrinsic method java.lang.Thread java.lang.Thread.currentThread(). This may cause the unexpected use of the original definition of java.lang.Thread java.lang.Thread.currentThread()in methods that have already been compiled.
2025-07-16 22:19:42.608 11601-11601 ions.peerlinkyz         com.zsolutions.peerlinkyz            W  Redefining intrinsic method boolean java.lang.Thread.interrupted(). This may cause the unexpected use of the original definition of boolean java.lang.Thread.interrupted()in methods that have already been compiled.
---------------------------- PROCESS STARTED (11601) for package com.zsolutions.peerlinkyz ----------------------------
2025-07-16 22:19:42.630  2326-2364  WindowManagerShell      com.android.systemui                 V  Transition animation finished (aborted=false), notifying core (#174) android.os.BinderProxy@505ea63@0
2025-07-16 22:19:42.632   783-828   WindowManager           system_server                        V  Finish Transition (#174): created at 07-16 22:19:42.058 collect-started=0.113ms request-sent=10.779ms started=17.242ms ready=262.714ms sent=266.858ms commit=20.608ms finished=573.376ms
2025-07-16 22:19:42.634  2326-2364  WindowManagerShell      com.android.systemui                 V  Track 0 became idle
2025-07-16 22:19:42.634  2326-2364  WindowManagerShell      com.android.systemui                 V  All active transition animations finished
2025-07-16 22:19:42.634  1286-1286  VRI[NexusL...rActivity] com...le.android.apps.nexuslauncher  D  visibilityChanged oldVisibility=true newVisibility=false
2025-07-16 22:19:42.644  1286-1286  NexusLaunc...elDelegate com...le.android.apps.nexuslauncher  D  notifySmartspaceEvent: SmartspaceTargetEvent{mSmartspaceTarget=null, mSmartspaceActionId='null', mEventType=7}
2025-07-16 22:19:42.654 11601-11601 ApplicationLoaders      com.zsolutions.peerlinkyz            D  Returning zygote-cached class loader: /system_ext/framework/androidx.window.extensions.jar
2025-07-16 22:19:42.654 11601-11601 ApplicationLoaders      com.zsolutions.peerlinkyz            D  Returning zygote-cached class loader: /system_ext/framework/androidx.window.sidecar.jar
2025-07-16 22:19:43.426 11601-11601 nativeloader            com.zsolutions.peerlinkyz            D  Configuring clns-9 for other apk /data/app/~~hZE3vvJRzLJ1q2a10qkfHA==/com.zsolutions.peerlinkyz-VwyAY2Cp7Iqa06ptOWmBgQ==/base.apk. target_sdk_version=36, uses_libraries=, library_path=/data/app/~~hZE3vvJRzLJ1q2a10qkfHA==/com.zsolutions.peerlinkyz-VwyAY2Cp7Iqa06ptOWmBgQ==/lib/x86_64:/data/app/~~hZE3vvJRzLJ1q2a10qkfHA==/com.zsolutions.peerlinkyz-VwyAY2Cp7Iqa06ptOWmBgQ==/base.apk!/lib/x86_64, permitted_path=/data:/mnt/expand:/data/user/0/com.zsolutions.peerlinkyz
2025-07-16 22:19:43.435 11601-11601 ions.peerlinkyz         com.zsolutions.peerlinkyz            I  AssetManager2(0x7e2746052ad8) locale list changing from [] to [en-US]
2025-07-16 22:19:43.437 11601-11601 ions.peerlinkyz         com.zsolutions.peerlinkyz            I  AssetManager2(0x7e27460543d8) locale list changing from [] to [en-US]
2025-07-16 22:19:43.444 11601-11601 GraphicsEnvironment     com.zsolutions.peerlinkyz            V  Currently set values for:
2025-07-16 22:19:43.444 11601-11601 GraphicsEnvironment     com.zsolutions.peerlinkyz            V    angle_gl_driver_selection_pkgs=[]
2025-07-16 22:19:43.444 11601-11601 GraphicsEnvironment     com.zsolutions.peerlinkyz            V    angle_gl_driver_selection_values=[]
2025-07-16 22:19:43.444 11601-11601 GraphicsEnvironment     com.zsolutions.peerlinkyz            V  com.zsolutions.peerlinkyz is not listed in per-application setting
2025-07-16 22:19:43.444 11601-11601 GraphicsEnvironment     com.zsolutions.peerlinkyz            V  ANGLE allowlist from config: 
2025-07-16 22:19:43.444 11601-11601 GraphicsEnvironment     com.zsolutions.peerlinkyz            V  com.zsolutions.peerlinkyz is not listed in ANGLE allowlist or settings, returning default
2025-07-16 22:19:43.444 11601-11601 GraphicsEnvironment     com.zsolutions.peerlinkyz            V  Neither updatable production driver nor prerelease driver is supported.
2025-07-16 22:19:43.492 11601-11601 MultiDex                com.zsolutions.peerlinkyz            I  VM with version 2.1.0 has multidex support
2025-07-16 22:19:43.492 11601-11601 MultiDex                com.zsolutions.peerlinkyz            I  Installing application
2025-07-16 22:19:43.492 11601-11601 MultiDex                com.zsolutions.peerlinkyz            I  VM has multidex support, MultiDex support library is disabled.
2025-07-16 22:19:43.509 11601-11601 WM-WrkMgrInitializer    com.zsolutions.peerlinkyz            D  Initializing WorkManager with default configuration.
2025-07-16 22:19:43.548 11601-11601 WM-PackageManagerHelper com.zsolutions.peerlinkyz            D  Skipping component enablement for androidx.work.impl.background.systemjob.SystemJobService
2025-07-16 22:19:43.548 11601-11601 WM-Schedulers           com.zsolutions.peerlinkyz            D  Created SystemJobScheduler and enabled SystemJobService
2025-07-16 22:19:43.567 11601-11617 ashmem                  com.zsolutions.peerlinkyz            E  Pinning is deprecated since Android Q. Please use trim or other methods.
2025-07-16 22:19:43.620   783-1192  OptProp                 system_server                        W  Cannot read opt property android.window.PROPERTY_COMPAT_ENABLE_FAKE_FOCUS
2025-07-16 22:19:43.620 11601-11620 System.err              com.zsolutions.peerlinkyz            W  SLF4J: Failed to load class "org.slf4j.impl.StaticLoggerBinder".
2025-07-16 22:19:43.620 11601-11620 System.err              com.zsolutions.peerlinkyz            W  SLF4J: Defaulting to no-operation (NOP) logger implementation
2025-07-16 22:19:43.620 11601-11620 System.err              com.zsolutions.peerlinkyz            W  SLF4J: See http://www.slf4j.org/codes.html#StaticLoggerBinder for further details.
2025-07-16 22:19:43.628 11601-11624 DisplayManager          com.zsolutions.peerlinkyz            I  Choreographer implicitly registered for the refresh rate.
2025-07-16 22:19:43.629   783-1080  Background...rolService system_server                        D  Package event received: 0
2025-07-16 22:19:43.629   783-1080  Background...rolService system_server                        D  Package event received: 0
2025-07-16 22:19:43.634 11601-11601 ions.peerlinkyz         com.zsolutions.peerlinkyz            I  AssetManager2(0x7e2746054d38) locale list changing from [] to [en-US]
2025-07-16 22:19:43.689 11601-11601 AppCompatDelegate       com.zsolutions.peerlinkyz            D  Checking for metadata for AppLocalesMetadataHolderService : Service not found
2025-07-16 22:19:43.690 11601-11601 ions.peerlinkyz         com.zsolutions.peerlinkyz            I  AssetManager2(0x7e274605ba98) locale list changing from [] to [en-US]
2025-07-16 22:19:43.706 11601-11624 EGL_emulation           com.zsolutions.peerlinkyz            I  Opening libGLESv1_CM_emulation.so
2025-07-16 22:19:43.707 11601-11624 EGL_emulation           com.zsolutions.peerlinkyz            I  Opening libGLESv2_emulation.so
2025-07-16 22:19:43.729 11601-11624 HWUI                    com.zsolutions.peerlinkyz            W  Failed to choose config with EGL_SWAP_BEHAVIOR_PRESERVED, retrying without...
2025-07-16 22:19:43.730 11601-11624 HWUI                    com.zsolutions.peerlinkyz            W  Failed to initialize 101010-2 format, error = EGL_SUCCESS
2025-07-16 22:19:43.775 11601-11601 CompatChangeReporter    com.zsolutions.peerlinkyz            D  Compat change id reported: 377864165; UID 10237; state: ENABLED
2025-07-16 22:19:43.777 11601-11601 DesktopModeFlags        com.zsolutions.peerlinkyz            D  Toggle override initialized to: OVERRIDE_UNSET
2025-07-16 22:19:43.803 11601-11601 ions.peerlinkyz         com.zsolutions.peerlinkyz            I  hiddenapi: Accessing hidden method Landroid/view/View;->computeFitSystemWindows(Landroid/graphics/Rect;Landroid/graphics/Rect;)Z (runtime_flags=0, domain=platform, api=unsupported) from Landroidx/appcompat/widget/ViewUtils; (domain=app) using reflection: allowed
2025-07-16 22:19:43.803 11601-11601 ions.peerlinkyz         com.zsolutions.peerlinkyz            I  hiddenapi: Accessing hidden method Landroid/view/ViewGroup;->makeOptionalFitsSystemWindows()V (runtime_flags=0, domain=platform, api=unsupported) from Landroidx/appcompat/widget/ViewUtils; (domain=app) using reflection: allowed
2025-07-16 22:19:43.824 11601-11620 ions.peerlinkyz         com.zsolutions.peerlinkyz            I  hiddenapi: Accessing hidden method Lsun/misc/VM;->maxDirectMemory()J (runtime_flags=0, domain=core-platform, api=unsupported) from Lio/netty/util/internal/PlatformDependent; (domain=app) using reflection: allowed
2025-07-16 22:19:43.826 11601-11620 PlatformDependent       com.zsolutions.peerlinkyz            I  Your platform does not provide complete low-level API for accessing direct buffers reliably. Unless explicitly requested, heap buffer will always be preferred to avoid potential system instability.
2025-07-16 22:19:43.828 11601-11620 ions.peerlinkyz         com.zsolutions.peerlinkyz            E  No implementation found for int io.netty.channel.kqueue.Native.sizeofKEvent() (tried Java_io_netty_channel_kqueue_Native_sizeofKEvent and Java_io_netty_channel_kqueue_Native_sizeofKEvent__) - is the library loaded, e.g. System.loadLibrary?
2025-07-16 22:19:43.832 11601-11620 ions.peerlinkyz         com.zsolutions.peerlinkyz            E  No implementation found for int io.netty.channel.epoll.Native.offsetofEpollData() (tried Java_io_netty_channel_epoll_Native_offsetofEpollData and Java_io_netty_channel_epoll_Native_offsetofEpollData__) - is the library loaded, e.g. System.loadLibrary?
2025-07-16 22:19:43.910 11601-11620 nativeloader            com.zsolutions.peerlinkyz            D  Load libnetty_transport_native_epoll_x86_64.so using class loader ns clns-9 (caller=/data/app/~~hZE3vvJRzLJ1q2a10qkfHA==/com.zsolutions.peerlinkyz-VwyAY2Cp7Iqa06ptOWmBgQ==/base.apk!classes9.dex): dlopen failed: library "libnetty_transport_native_epoll_x86_64.so" not found
2025-07-16 22:19:43.912 11601-11620 nativeloader            com.zsolutions.peerlinkyz            D  Load libnetty_transport_native_epoll_x86_64.so using class loader ns clns-9 (caller=/data/app/~~hZE3vvJRzLJ1q2a10qkfHA==/com.zsolutions.peerlinkyz-VwyAY2Cp7Iqa06ptOWmBgQ==/base.apk!classes9.dex): dlopen failed: library "libnetty_transport_native_epoll_x86_64.so" not found
2025-07-16 22:19:43.914 11601-11618 MainActivity            com.zsolutions.peerlinkyz            D  Friends retrieved from DB: 1
2025-07-16 22:19:43.916 11601-11618 MainActivity            com.zsolutions.peerlinkyz            D  Friends retrieved from DB: 1
2025-07-16 22:19:43.920 11601-11620 nativeloader            com.zsolutions.peerlinkyz            D  Load libnetty_transport_native_epoll.so using class loader ns clns-9 (caller=/data/app/~~hZE3vvJRzLJ1q2a10qkfHA==/com.zsolutions.peerlinkyz-VwyAY2Cp7Iqa06ptOWmBgQ==/base.apk!classes9.dex): dlopen failed: library "libnetty_transport_native_epoll.so" not found
2025-07-16 22:19:43.921 11601-11620 nativeloader            com.zsolutions.peerlinkyz            D  Load libnetty_transport_native_epoll.so using class loader ns clns-9 (caller=/data/app/~~hZE3vvJRzLJ1q2a10qkfHA==/com.zsolutions.peerlinkyz-VwyAY2Cp7Iqa06ptOWmBgQ==/base.apk!classes9.dex): dlopen failed: library "libnetty_transport_native_epoll.so" not found
2025-07-16 22:19:43.924 11601-11601 HWUI                    com.zsolutions.peerlinkyz            W  Unknown dataspace 0
2025-07-16 22:19:43.936 11601-11601 MainActivity            com.zsolutions.peerlinkyz            D  Submitted list to adapter. Adapter item count: 1
2025-07-16 22:19:43.956 11601-11620 ions.peerlinkyz         com.zsolutions.peerlinkyz            I  hiddenapi: Accessing hidden field Lsun/nio/ch/SelectorImpl;->selectedKeys:Ljava/util/Set; (runtime_flags=0, domain=core-platform, api=unsupported) from Lio/netty/channel/nio/NioEventLoop$4; (domain=app) using reflection: allowed
2025-07-16 22:19:43.957 11601-11601 MainActivity            com.zsolutions.peerlinkyz            D  Submitted list to adapter. Adapter item count: 1
2025-07-16 22:19:43.957 11601-11620 ions.peerlinkyz         com.zsolutions.peerlinkyz            I  hiddenapi: Accessing hidden field Lsun/nio/ch/SelectorImpl;->publicSelectedKeys:Ljava/util/Set; (runtime_flags=0, domain=core-platform, api=unsupported) from Lio/netty/channel/nio/NioEventLoop$4; (domain=app) using reflection: allowed
2025-07-16 22:19:44.010   783-2315  CoreBackPreview         system_server                        D  Window{bdf4025 u0 com.zsolutions.peerlinkyz/com.zsolutions.peerlinkyz.MainActivity}: Setting back callback OnBackInvokedCallbackInfo{mCallback=android.window.IOnBackInvokedCallback$Stub$Proxy@6da7ab, mPriority=-1, mIsAnimationCallback=false, mOverrideBehavior=0}
2025-07-16 22:19:44.012   783-1192  CoreBackPreview         system_server                        D  Window{bdf4025 u0 com.zsolutions.peerlinkyz/com.zsolutions.peerlinkyz.MainActivity}: Setting back callback OnBackInvokedCallbackInfo{mCallback=android.window.IOnBackInvokedCallback$Stub$Proxy@108ae08, mPriority=0, mIsAnimationCallback=true, mOverrideBehavior=0}
2025-07-16 22:19:44.025 11601-11601 DefaultDispatch         com.zsolutions.peerlinkyz            W  type=1400 audit(0.0:2401): avc:  denied  { read } for  name="somaxconn" dev="proc" ino=22951 scontext=u:r:untrusted_app:s0:c237,c256,c512,c768 tcontext=u:object_r:proc_net:s0 tclass=file permissive=0 app=com.zsolutions.peerlinkyz
2025-07-16 22:19:44.046 11601-11620 MacAddressUtil          com.zsolutions.peerlinkyz            W  Failed to find a usable hardware address from the network interfaces; using random bytes: 6c:bb:fd:92:bc:e2:ee:7c
2025-07-16 22:19:44.202   783-828   ActivityTaskManager     system_server                        I  Displayed com.zsolutions.peerlinkyz/.MainActivity for user 0: +2s142ms
2025-07-16 22:19:44.210  1286-1286  BaseDepthController     com...le.android.apps.nexuslauncher  D  setSurface:
                                                                                                    	mWaitingOnSurfaceValidity: false
                                                                                                    	mBaseSurface: null
2025-07-16 22:19:44.226  1286-1286  BaseDepthController     com...le.android.apps.nexuslauncher  D  mSurface is null and mCurrentBlur is: 0
2025-07-16 22:19:44.234  1286-1286  StateManager            com...le.android.apps.nexuslauncher  D  goToState - fromState: Normal, toState: Normal, partial trace: (Ask Gemini)
                                                                                                    	at com.android.launcher3.statemanager.StateManager.moveToRestState(go/retraceme ee19ec8c009da7af1d458e7d1683a6f5bf3b93b44f6674aa108e1a3e78584fe0:4)
                                                                                                    	at com.android.launcher3.statemanager.StateManager.moveToRestState(go/retraceme ee19ec8c009da7af1d458e7d1683a6f5bf3b93b44f6674aa108e1a3e78584fe0:1)
                                                                                                    	at com.android.launcher3.statemanager.StatefulActivity.onStop(go/retraceme ee19ec8c009da7af1d458e7d1683a6f5bf3b93b44f6674aa108e1a3e78584fe0:34)
2025-07-16 22:19:44.235  1286-1286  StatsLog                com...le.android.apps.nexuslauncher  D  LAUNCHER_ONSTOP
2025-07-16 22:19:44.237  1286-2356  GmsPlayProvider         com...le.android.apps.nexuslauncher  D  Forcefully shut down the binder channel
2025-07-16 22:19:44.240  1286-1286  StatsLog                com...le.android.apps.nexuslauncher  D  LAUNCHER_GOOGLE_SEARCH_RESTORE_LIST_SIZE_AFTER_ACTIVITY_RESTART
2025-07-16 22:19:44.249   783-1080  Background...rolService system_server                        D  Package event received: 0
2025-07-16 22:19:44.308   783-975   ImeTracker              system_server                        I  com.zsolutions.peerlinkyz:3ab9be38: onRequestHide at ORIGIN_SERVER reason HIDE_UNSPECIFIED_WINDOW fromUser false
2025-07-16 22:19:44.332  1537-1537  GoogleInpu...hodService com...gle.android.inputmethod.latin  I  GoogleInputMethodService.onFinishInput():2043 
2025-07-16 22:19:44.334 11601-11601 InsetsController        com.zsolutions.peerlinkyz            D  hide(ime(), fromIme=false)
2025-07-16 22:19:44.335 11601-11601 ImeTracker              com.zsolutions.peerlinkyz            I  com.zsolutions.peerlinkyz:3ab9be38: onCancelled at PHASE_CLIENT_ALREADY_HIDDEN
2025-07-16 22:19:44.340   783-1836  ImeTracker              system_server                        I  system_server:3ff69ca: onRequestHide at ORIGIN_SERVER reason IME_REQUESTED_CHANGED_LISTENER fromUser false
2025-07-16 22:19:44.343  1537-1537  Module                  com...gle.android.inputmethod.latin  I  DeviceLockedStatusModuleProvider$Module.updateDeviceLockedStatus():100 repeatCheckTimes = 0, locked = false
2025-07-16 22:19:44.344  1537-1537  GoogleInpu...hodService com...gle.android.inputmethod.latin  I  GoogleInputMethodService.onStartInput():1293 onStartInput(EditorInfo{EditorInfo{packageName=com.zsolutions.peerlinkyz, inputType=0, inputTypeString=NULL, enableLearning=false, autoCorrection=false, autoComplete=false, imeOptions=0, privateImeOptions=null, actionName=UNSPECIFIED, actionLabel=null, initialSelStart=-1, initialSelEnd=-1, initialCapsMode=0, label=null, fieldId=0, fieldName=null, extras=null, hintText=null, hintLocales=[]}}, false)
2025-07-16 22:19:44.345   783-831   ImeTracker              system_server                        I  system_server:3ff69ca: onCancelled at PHASE_SERVER_SHOULD_HIDE
2025-07-16 22:19:44.350  1537-1537  Module                  com...gle.android.inputmethod.latin  I  DeviceLockedStatusModuleProvider$Module.updateDeviceLockedStatus():100 repeatCheckTimes = 1, locked = false
2025-07-16 22:19:44.352   783-1192  PackageConfigPersister  system_server                        W  App-specific configuration not found for packageName: com.zsolutions.peerlinkyz and userId: 0
2025-07-16 22:19:44.392  1286-1303  System                  com...le.android.apps.nexuslauncher  W  A resource failed to call release. 
2025-07-16 22:19:44.392  1286-1303  System                  com...le.android.apps.nexuslauncher  W  A resource failed to call release. 
2025-07-16 22:19:44.392  1286-1303  System                  com...le.android.apps.nexuslauncher  W  A resource failed to call release. 
2025-07-16 22:19:44.394  1286-1303  System                  com...le.android.apps.nexuslauncher  W  A resource failed to call release. 
2025-07-16 22:19:44.395  1286-1303  System                  com...le.android.apps.nexuslauncher  W  A resource failed to call release. 
2025-07-16 22:19:44.395  1286-1303  System                  com...le.android.apps.nexuslauncher  W  A resource failed to call release. 
2025-07-16 22:19:44.466  2484-2605  FontLog                 com.google.android.gms.persistent    I  (REDACTED) Received query %s, URI %s
2025-07-16 22:19:44.467  2484-2605  FontLog                 com.google.android.gms.persistent    I  (REDACTED) Query [%s] resolved to %s
2025-07-16 22:19:44.471  2484-2605  FontLog                 com.google.android.gms.persistent    I  (REDACTED) Fetch %s end status %s
2025-07-16 22:19:44.478  2484-2605  FontLog                 com.google.android.gms.persistent    I  (REDACTED) Pulling font file for id = %d, cache size = %d
2025-07-16 22:19:44.487  2484-2605  FontLog                 com.google.android.gms.persistent    I  (REDACTED) Pulling font file for id = %d, cache size = %d
2025-07-16 22:19:44.568   634-687   IPCThreadState          cameraserver                         W  Sending oneway calls to frozen process.
2025-07-16 22:19:44.569   634-687   IPCThreadState          cameraserver                         W  Sending oneway calls to frozen process.
2025-07-16 22:19:44.899 11601-11605 ions.peerlinkyz         com.zsolutions.peerlinkyz            I  Compiler allocated 5042KB to compile void android.view.ViewRootImpl.performTraversals()
2025-07-16 22:19:46.073   783-1804  TaskPersister           system_server                        E  File error accessing recents directory (directory doesn't exist?).
2025-07-16 22:19:46.081  1728-2173  bbax                    com...oglequicksearchbox:interactor  I  (REDACTED) getHotwordActive::active query: %s, watch: %s, devices connected: %s
2025-07-16 22:19:46.640  1279-1501  SatelliteController     com.android.phone                    D  iisInCarrierRoamingNbIotNtn: satellite is disabled
2025-07-16 22:19:47.538  1537-1537  GoogleInpu...hodService com...gle.android.inputmethod.latin  I  GoogleInputMethodService.onFinishInput():2043 
2025-07-16 22:19:47.541  1537-1537  Module                  com...gle.android.inputmethod.latin  I  DeviceLockedStatusModuleProvider$Module.updateDeviceLockedStatus():100 repeatCheckTimes = 0, locked = false
2025-07-16 22:19:47.542  1537-1537  GoogleInpu...hodService com...gle.android.inputmethod.latin  I  GoogleInputMethodService.onStartInput():1293 onStartInput(EditorInfo{EditorInfo{packageName=com.zsolutions.peerlinkyz, inputType=0, inputTypeString=NULL, enableLearning=false, autoCorrection=false, autoComplete=false, imeOptions=0, privateImeOptions=null, actionName=UNSPECIFIED, actionLabel=null, initialSelStart=-1, initialSelEnd=-1, initialCapsMode=0, label=null, fieldId=0, fieldName=null, extras=null, hintText=null, hintLocales=[]}}, false)
2025-07-16 22:19:47.544  1537-1537  Module                  com...gle.android.inputmethod.latin  I  DeviceLockedStatusModuleProvider$Module.updateDeviceLockedStatus():100 repeatCheckTimes = 1, locked = false
2025-07-16 22:19:47.545   783-1836  PackageConfigPersister  system_server                        W  App-specific configuration not found for packageName: com.zsolutions.peerlinkyz and userId: 0
2025-07-16 22:19:47.654   783-1836  Grammatica...ctionUtils system_server                        V  AttributionSource: android.content.AttributionSource@1eaaac58 does not have READ_SYSTEM_GRAMMATICAL_GENDER permission.
2025-07-16 22:19:47.654   783-1836  OptProp                 system_server                        W  Cannot read opt property android.window.PROPERTY_COMPAT_ALLOW_USER_ASPECT_RATIO_OVERRIDE
2025-07-16 22:19:47.655   783-1836  OptProp                 system_server                        W  Cannot read opt property android.window.PROPERTY_COMPAT_ALLOW_USER_ASPECT_RATIO_FULLSCREEN_OVERRIDE
2025-07-16 22:19:47.655   783-1836  OptProp                 system_server                        W  Cannot read opt property android.window.PROPERTY_COMPAT_ALLOW_RESIZEABLE_ACTIVITY_OVERRIDES
2025-07-16 22:19:47.656   783-1836  OptProp                 system_server                        W  Cannot read opt property android.window.PROPERTY_COMPAT_ALLOW_MIN_ASPECT_RATIO_OVERRIDE
2025-07-16 22:19:47.656   783-1836  CompatChangeReporter    system_server                        D  Compat change id reported: 358129114; UID 10237; state: ENABLED
2025-07-16 22:19:47.657   783-1339  AS.PlaybackActivityMon  system_server                        W  No piid assigned for invalid/internal port id 15
2025-07-16 22:19:47.660   783-1836  OptProp                 system_server                        W  Cannot read opt property android.window.PROPERTY_COMPAT_ALLOW_ORIENTATION_OVERRIDE
2025-07-16 22:19:47.666   783-1836  ActivityTaskManager     system_server                        I  START u0 {xflg=0x4 cmp=com.zsolutions.peerlinkyz/.ChatActivity (has extras)} with LAUNCH_MULTIPLE from uid 10237 (sr=46822101) (BAL_ALLOW_VISIBLE_WINDOW) result code=0
2025-07-16 22:19:47.667  2326-2364  WindowManagerShell      com.android.systemui                 V  Transition requested (#175): android.os.BinderProxy@2716df0 TransitionRequestInfo { type = OPEN, triggerTask = TaskInfo{userId=0 taskId=127 effectiveUid=10237 displayId=0 isRunning=true baseIntent=Intent { act=android.intent.action.MAIN cat=[android.intent.category.LAUNCHER] flg=0x10000000 cmp=com.zsolutions.peerlinkyz/.MainActivity } baseActivity=ComponentInfo{com.zsolutions.peerlinkyz/com.zsolutions.peerlinkyz.MainActivity} topActivity=ComponentInfo{com.zsolutions.peerlinkyz/com.zsolutions.peerlinkyz.ChatActivity} origActivity=null realActivity=ComponentInfo{com.zsolutions.peerlinkyz/com.zsolutions.peerlinkyz.MainActivity} numActivities=2 lastActiveTime=7762901 supportsMultiWindow=true resizeMode=1 isResizeable=true minWidth=-1 minHeight=-1 defaultMinSize=220 token=WCT{android.window.IWindowContainerToken$Stub$Proxy@16b1f69} topActivityType=1 pictureInPictureParams=null shouldDockBigOverlays=false launchIntoPipHostTaskId=-1 lastParentTaskIdBeforePip=-1 displayCutoutSafeInsets=Rect(0, 0 - 0, 0) topActivityInfo=ActivityInfo{2648dee com.zsolutions.peerlinkyz.ChatActivity} launchCookies=[] positionInParent=Point(0, 0) parentTaskId=-1 isFocused=true isVisible=true isVisibleRequested=true isTopActivityNoDisplay=false isSleeping=false locusId=null displayAreaFeatureId=1 isTopActivityTransparent=false isActivityStackTransparent=false lastNonFullscreenBounds=Rect(284, 660 - 796, 1740) capturedLink=null capturedLinkTimestamp=0 requestedVisibleTypes=-9 topActivityRequestOpenInBrowserEducationTimestamp=0 appCompatTaskInfo=AppCompatTaskInfo { topActivityInSizeCompat=false eligibleForLetterboxEducation= false isLetterboxEducationEnabled= true isLetterboxDoubleTapEnabled= false eligibleForUserAspectRatioButton= false topActivityBoundsLetterboxed= false isFromLetterboxDoubleTap= false topActivityLetterboxVerticalPosition= -1 topActivityLetterboxHorizontalPosition= -1 topActivityLetterboxWidth=-1 topActivityLetterboxHeight=-1 topActivityAppBounds=Rect(0, 0 - 1080, 2400) isUserFullscreenOverrideEnabled=false isSystemFullscreenOverrideEnabled=false hasMinAspectRatioOverride=false topActivityLetterboxBounds=null cameraCompatTaskInfo=CameraCompatTaskInfo { freeformCameraCompatMode=inactive}} topActivityMainWindowFrame=null}, pipChange = null, remoteTransition = null, displayChange = null, flags = 0, debugId = 175 }
2025-07-16 22:19:47.669  2326-2364  ShellSplitScreen        com.android.systemui                 D  logExit: no-op, mLoggerSessionId is null
2025-07-16 22:19:47.669   536-669   AudioFlinger            audioserver                          D  mixer(0x7737d8629770) throttle end: throttle time(35)
2025-07-16 22:19:47.670   542-650   BpBinder                surfaceflinger                       I  onLastStrongRef automatically unlinking death recipients: 
2025-07-16 22:19:47.678   542-542   BpBinder                surfaceflinger                       I  onLastStrongRef automatically unlinking death recipients: 
2025-07-16 22:19:47.680   783-2315  OptProp                 system_server                        W  Cannot read opt property android.window.PROPERTY_COMPAT_ENABLE_FAKE_FOCUS
2025-07-16 22:19:47.685   783-1080  Background...rolService system_server                        D  Package event received: 0
2025-07-16 22:19:47.685   783-1080  Background...rolService system_server                        D  Package event received: 0
2025-07-16 22:19:47.686   783-1080  Background...rolService system_server                        D  Package event received: 0
2025-07-16 22:19:47.835  1115-1115  wpa_supplicant          wpa_supplicant                       I  wlan0: CTRL-EVENT-BEACON-LOSS 
2025-07-16 22:19:47.898 11601-11601 CryptoManager           com.zsolutions.peerlinkyz            D  Existing keyset loaded.
2025-07-16 22:19:47.935   783-2319  CoreBackPreview         system_server                        D  Window{1ab2126 u0 com.zsolutions.peerlinkyz/com.zsolutions.peerlinkyz.ChatActivity}: Setting back callback OnBackInvokedCallbackInfo{mCallback=android.window.IOnBackInvokedCallback$Stub$Proxy@b098b14, mPriority=-1, mIsAnimationCallback=false, mOverrideBehavior=0}
2025-07-16 22:19:47.972 11601-11601 RecyclerView            com.zsolutions.peerlinkyz            W  No adapter attached; skipping layout
2025-07-16 22:19:48.002  2326-2337  WindowManagerShell      com.android.systemui                 V  onTransitionReady(transaction=3362959401304)
2025-07-16 22:19:48.003   783-828   ActivityTaskManager     system_server                        I  Displayed com.zsolutions.peerlinkyz/.ChatActivity for user 0: +348ms
2025-07-16 22:19:48.003  2326-2364  WindowManagerShell      com.android.systemui                 V  onTransitionReady (#175) android.os.BinderProxy@2716df0: {id=175 t=OPEN f=0x0 trk=0 r=[0@Point(0, 0)] c=[
                                                                                                            {m=OPEN f=FILLS_TASK leash=Surface(name=ActivityRecord{240366853 u0 com.zsolutions.peerlinkyz/.ChatActivity)/@0xc23228f sb=Rect(0, 0 - 0, 0) eb=Rect(0, 0 - 1080, 2400) epz=Point(1080, 2400) d=-1->0 r=-1->0:-1 component=com.zsolutions.peerlinkyz/.ChatActivity opt={t=CUSTOM enterResId=17432576 changeResId=0 exitResId=17432577 mUserId=0}},
                                                                                                            {m=TO_BACK f=FILLS_TASK leash=Surface(name=ActivityRecord{46822101 u0 com.zsolutions.peerlinkyz/.MainActivity)/@0x917791c sb=Rect(0, 0 - 1080, 2400) eb=Rect(0, 0 - 1080, 2400) epz=Point(1080, 2400) d=0 component=com.zsolutions.peerlinkyz/.MainActivity opt={t=CUSTOM enterResId=17432576 changeResId=0 exitResId=17432577 mUserId=0}}
                                                                                                        ]}
2025-07-16 22:19:48.004  2326-2364  WindowManagerShell      com.android.systemui                 V  Playing animation for (#175) android.os.BinderProxy@2716df0@0
2025-07-16 22:19:48.004  2326-2364  ShellRecents            com.android.systemui                 V  RecentsTransitionHandler.startAnimation: no controller found
2025-07-16 22:19:48.005  2326-2364  WindowManagerShell      com.android.systemui                 V  Transition doesn't have explicit remote, search filters for match for {id=175 t=OPEN f=0x0 trk=0 r=[0@Point(0, 0)] c=[{m=OPEN f=FILLS_TASK leash=Surface(name=ActivityRecord{240366853 u0 com.zsolutions.peerlinkyz/.ChatActivity)/@0xc23228f sb=Rect(0, 0 - 0, 0) eb=Rect(0, 0 - 1080, 2400) epz=Point(1080, 2400) d=-1->0 r=-1->0:-1 component=com.zsolutions.peerlinkyz/.ChatActivity opt={t=CUSTOM enterResId=17432576 changeResId=0 exitResId=17432577 mUserId=0}},{m=TO_BACK f=FILLS_TASK leash=Surface(name=ActivityRecord{46822101 u0 com.zsolutions.peerlinkyz/.MainActivity)/@0x917791c sb=Rect(0, 0 - 1080, 2400) eb=Rect(0, 0 - 1080, 2400) epz=Point(1080, 2400) d=0 component=com.zsolutions.peerlinkyz/.MainActivity opt={t=CUSTOM enterResId=17432576 changeResId=0 exitResId=17432577 mUserId=0}}]}
2025-07-16 22:19:48.005  2326-2364  WindowManagerShell      com.android.systemui                 V   Checking filter Pair{{types=[] flags=0x0] notFlags=0x0 checks=[{atype=undefined independent=true modes=[CLOSE,TO_BACK] flags=IN_TASK_WITH_EMBEDDED_ACTIVITY mustBeTask=false order=ANY topActivity=null launchCookie=null taskFragmentToken=android.os.BinderProxy@2e326c7 windowingMode=undefined}]} RemoteTransition { remoteTransition = android.window.IRemoteTransition$Stub$Proxy@57254f4, appThread = android.app.IApplicationThread$Stub$Proxy@48b41d, debugName = overlayBackTransition }}
2025-07-16 22:19:48.005  2326-2364  WindowManagerShell      com.android.systemui                 V   Checking filter Pair{{types=[] flags=0x0] notFlags=0x0 checks=[{atype=dream independent=true modes=[OPEN,TO_FRONT] flags=NONE mustBeTask=false order=ANY topActivity=null launchCookie=null windowingMode=undefined},{atype=home independent=true modes=[CLOSE,TO_BACK] flags=NONE mustBeTask=false order=ANY topActivity=null launchCookie=null windowingMode=undefined}]} RemoteTransition { remoteTransition = android.window.IRemoteTransition$Stub$Proxy@143b692, appThread = android.app.IApplicationThread$Stub$Proxy@2616863, debugName = LauncherToDream }}
2025-07-16 22:19:48.006  2326-2364  WindowManagerShell      com.android.systemui                 V   Checking filter Pair{{types=[] flags=0x0] notFlags=0x100 checks=[{atype=home independent=true modes=[OPEN,TO_FRONT] flags=NONE mustBeTask=false order=TOP topActivity=ComponentInfo{com.google.android.apps.nexuslauncher/com.google.android.apps.nexuslauncher.NexusLauncherActivity} launchCookie=null windowingMode=undefined},{atype=standard independent=true modes=[CLOSE,TO_BACK] flags=NONE mustBeTask=false order=ANY topActivity=null launchCookie=null windowingMode=undefined},{NOT atype=undefined independent=true modes=[] flags=NONE mustBeTask=true order=ANY topActivity=null launchCookie=null customAnim=true windowingMode=undefined}]} RemoteTransition { remoteTransition = android.window.IRemoteTransition$Stub$Proxy@d9cc60, appThread = android.app.IApplicationThread$Stub$Proxy@b417519, debugName = QuickstepLaunchHome }}
2025-07-16 22:19:48.006  2326-2364  WindowManagerShell      com.android.systemui                 V   Delegate animation for (#175) to null
2025-07-16 22:19:48.006  2326-2364  WindowManagerShell      com.android.systemui                 V  start default transition animation, info = {id=175 t=OPEN f=0x0 trk=0 r=[0@Point(0, 0)] c=[{m=OPEN f=FILLS_TASK leash=Surface(name=ActivityRecord{240366853 u0 com.zsolutions.peerlinkyz/.ChatActivity)/@0xc23228f sb=Rect(0, 0 - 0, 0) eb=Rect(0, 0 - 1080, 2400) epz=Point(1080, 2400) d=-1->0 r=-1->0:-1 component=com.zsolutions.peerlinkyz/.ChatActivity opt={t=CUSTOM enterResId=17432576 changeResId=0 exitResId=17432577 mUserId=0}},{m=TO_BACK f=FILLS_TASK leash=Surface(name=ActivityRecord{46822101 u0 com.zsolutions.peerlinkyz/.MainActivity)/@0x917791c sb=Rect(0, 0 - 1080, 2400) eb=Rect(0, 0 - 1080, 2400) epz=Point(1080, 2400) d=0 component=com.zsolutions.peerlinkyz/.MainActivity opt={t=CUSTOM enterResId=17432576 changeResId=0 exitResId=17432577 mUserId=0}}]}
2025-07-16 22:19:48.009  2326-2364  WindowManagerShell      com.android.systemui                 V   animated by com.android.wm.shell.transition.DefaultTransitionHandler@324d282
